6.3s 1 0.00s - Debugger warning: It seems that frozen modules are being used, which may
6.3s 2 0.00s - make the debugger miss breakpoints. Please pass -Xfrozen_modules=off
6.3s 3 0.00s - to python to disable frozen modules.
6.3s 4 0.00s - Note: Debugging will proceed. Set PYDEVD_DISABLE_FILE_VALIDATION=1 to disable this validation.
6.9s 5 0.00s - Debugger warning: It seems that frozen modules are being used, which may
6.9s 6 0.00s - make the debugger miss breakpoints. Please pass -Xfrozen_modules=off
6.9s 7 0.00s - to python to disable frozen modules.
6.9s 8 0.00s - Note: Debugging will proceed. Set PYDEVD_DISABLE_FILE_VALIDATION=1 to disable this validation.
11.9s 9 ============================================================
11.9s 10 FM TOP 40 FEATURES (Permutation Importance)
11.9s 11 Scheduler: ReduceLROnPlateau
11.9s 12 ============================================================
11.9s 13 
11.9s 14 Loading contexts...
99.3s 15 ✓ Users: 1,987,897
102.2s 16 ✓ Businesses: 150,346
107.0s 17 ✓ Tips: 106,193 businesses
113.0s 18 ✓ Checkin: 131,930 businesses
113.0s 19 Context load time: 101.1s
113.0s 20 
113.0s 21 Loading review data...
113.0s 22 [Direct Pass] Reading reviews...
171.3s 23 6,990,280 reviews | 1,987,929 users | 150,346 businesses
179.6s 24 Building feature matrix...
203.1s 25 Data load time: 89.9s | 6,990,280 samples
203.1s 26 
203.1s 27 ============================================================
203.1s 28 [FM_Top40_ReduceLR] 40 FEATURES
203.1s 29 ============================================================
203.1s 30 Device: cuda
204.8s 31 Train:5,592,224 | Val:699,028 | Test:699,028
205.6s 32 Data loaded to GPU VRAM.
215.9s 33 Params: 138,990,606
215.9s 34 
215.9s 35 Optimizer : SGD(lr=0.01, momentum=0.9, nesterov=True)
215.9s 36 Scheduler : ReduceLROnPlateau(factor=0.5, patience=10, min_lr=1e-6)
215.9s 37 Patience  : 60
215.9s 38 
363.5s 39 Epoch 001/200 | Loss:0.964264 | LR:0.002000
363.5s 40 Val → MSE:2.3327 | RMSE:1.5273 | MAE:1.2208 | R2:-0.0679
363.5s 41 ★ Best RMSE: 1.5273
497.2s 42 Epoch 002/200 | Loss:0.161564 | LR:0.004000
497.2s 43 Val → MSE:2.1765 | RMSE:1.4753 | MAE:1.2086 | R2:0.0036
497.2s 44 ★ Best RMSE: 1.4753
630.7s 45 Epoch 003/200 | Loss:0.259928 | LR:0.006000
630.7s 46 Val → MSE:2.8213 | RMSE:1.6797 | MAE:1.4597 | R2:-0.2916
630.7s 47 No improve 1/60
764.3s 48 Epoch 004/200 | Loss:0.264824 | LR:0.008000
764.3s 49 Val → MSE:2.1928 | RMSE:1.4808 | MAE:1.2022 | R2:-0.0039
764.3s 50 No improve 2/60
897.8s 51 Epoch 005/200 | Loss:0.369814 | LR:0.010000
897.8s 52 Val → MSE:2.2243 | RMSE:1.4914 | MAE:1.1974 | R2:-0.0183
897.8s 53 No improve 3/60
1031.4s 54 Epoch 006/200 | Loss:0.515084 | LR:0.010000
1031.4s 55 Val → MSE:2.2594 | RMSE:1.5031 | MAE:1.1983 | R2:-0.0344
1031.4s 56 No improve 4/60
1165.1s 57 Epoch 007/200 | Loss:0.496438 | LR:0.010000
1165.1s 58 Val → MSE:2.2660 | RMSE:1.5053 | MAE:1.1966 | R2:-0.0374
1165.1s 59 No improve 5/60
1298.6s 60 Epoch 008/200 | Loss:0.495120 | LR:0.010000
1298.6s 61 Val → MSE:2.2509 | RMSE:1.5003 | MAE:1.1940 | R2:-0.0305
1298.6s 62 No improve 6/60
1432.2s 63 Epoch 009/200 | Loss:0.504619 | LR:0.010000
1432.2s 64 Val → MSE:2.2338 | RMSE:1.4946 | MAE:1.1908 | R2:-0.0227
1432.2s 65 No improve 7/60
1565.7s 66 Epoch 010/200 | Loss:0.498836 | LR:0.010000
1565.7s 67 Val → MSE:2.2098 | RMSE:1.4865 | MAE:1.1893 | R2:-0.0117
1565.7s 68 No improve 8/60
1699.2s 69 Epoch 011/200 | Loss:0.501882 | LR:0.010000
1699.2s 70 Val → MSE:2.2148 | RMSE:1.4882 | MAE:1.1850 | R2:-0.0140
1699.2s 71 No improve 9/60
1832.7s 72 Epoch 012/200 | Loss:0.512858 | LR:0.010000
1832.7s 73 Val → MSE:2.1513 | RMSE:1.4667 | MAE:1.1832 | R2:0.0151
1832.7s 74 ★ Best RMSE: 1.4667
1966.2s 75 Epoch 013/200 | Loss:0.508031 | LR:0.010000
1966.2s 76 Val → MSE:2.2323 | RMSE:1.4941 | MAE:1.1851 | R2:-0.0220
1966.2s 77 No improve 1/60
2099.6s 78 Epoch 014/200 | Loss:0.489075 | LR:0.010000
2099.6s 79 Val → MSE:2.2248 | RMSE:1.4916 | MAE:1.1844 | R2:-0.0186
2099.6s 80 No improve 2/60
2233.1s 81 Epoch 015/200 | Loss:0.489653 | LR:0.010000
2233.1s 82 Val → MSE:2.2404 | RMSE:1.4968 | MAE:1.1818 | R2:-0.0257
2233.1s 83 No improve 3/60
2366.6s 84 Epoch 016/200 | Loss:0.487851 | LR:0.010000
2366.6s 85 Val → MSE:2.2362 | RMSE:1.4954 | MAE:1.1817 | R2:-0.0238
2366.6s 86 No improve 4/60
2500.0s 87 Epoch 017/200 | Loss:0.488645 | LR:0.010000
2500.0s 88 Val → MSE:2.2053 | RMSE:1.4850 | MAE:1.1770 | R2:-0.0096
2500.0s 89 No improve 5/60
2633.4s 90 Epoch 018/200 | Loss:0.501912 | LR:0.010000
2633.4s 91 Val → MSE:2.1644 | RMSE:1.4712 | MAE:1.1748 | R2:0.0091
2633.4s 92 No improve 6/60
2767.0s 93 Epoch 019/200 | Loss:0.511270 | LR:0.010000
2767.0s 94 Val → MSE:2.1132 | RMSE:1.4537 | MAE:1.1702 | R2:0.0326
2767.0s 95 ★ Best RMSE: 1.4537
2900.5s 96 Epoch 020/200 | Loss:0.540521 | LR:0.010000
2900.5s 97 Val → MSE:2.1010 | RMSE:1.4495 | MAE:1.1693 | R2:0.0381
2900.5s 98 ★ Best RMSE: 1.4495
3034.0s 99 Epoch 021/200 | Loss:0.530358 | LR:0.010000
3034.0s 100 Val → MSE:2.1170 | RMSE:1.4550 | MAE:1.1654 | R2:0.0308
3034.0s 101 No improve 1/60
3167.5s 102 Epoch 022/200 | Loss:0.545350 | LR:0.010000
3167.5s 103 Val → MSE:2.1117 | RMSE:1.4532 | MAE:1.1655 | R2:0.0332
3167.5s 104 No improve 2/60
3301.0s 105 Epoch 023/200 | Loss:0.537878 | LR:0.010000
3301.0s 106 Val → MSE:2.0986 | RMSE:1.4487 | MAE:1.1626 | R2:0.0392
3301.0s 107 ★ Best RMSE: 1.4487
3434.5s 108 Epoch 024/200 | Loss:0.543122 | LR:0.010000
3434.5s 109 Val → MSE:2.0921 | RMSE:1.4464 | MAE:1.1626 | R2:0.0422
3434.5s 110 ★ Best RMSE: 1.4464
3567.9s 111 Epoch 025/200 | Loss:0.518281 | LR:0.010000
3567.9s 112 Val → MSE:2.1450 | RMSE:1.4646 | MAE:1.1620 | R2:0.0180
3567.9s 113 No improve 1/60
3701.4s 114 Epoch 026/200 | Loss:0.537630 | LR:0.010000
3701.4s 115 Val → MSE:2.0745 | RMSE:1.4403 | MAE:1.1566 | R2:0.0502
3701.4s 116 ★ Best RMSE: 1.4403
3834.8s 117 Epoch 027/200 | Loss:0.553811 | LR:0.010000
3834.8s 118 Val → MSE:2.0727 | RMSE:1.4397 | MAE:1.1589 | R2:0.0511
3834.8s 119 ★ Best RMSE: 1.4397
3968.2s 120 Epoch 028/200 | Loss:0.518814 | LR:0.010000
3968.2s 121 Val → MSE:2.1134 | RMSE:1.4537 | MAE:1.1613 | R2:0.0325
3968.2s 122 No improve 1/60
4101.5s 123 Epoch 029/200 | Loss:0.507601 | LR:0.010000
4101.5s 124 Val → MSE:2.1140 | RMSE:1.4540 | MAE:1.1593 | R2:0.0322
4101.5s 125 No improve 2/60
4234.8s 126 Epoch 030/200 | Loss:0.501407 | LR:0.010000
4234.8s 127 Val → MSE:2.1466 | RMSE:1.4651 | MAE:1.1584 | R2:0.0173
4234.8s 128 No improve 3/60
4368.1s 129 Epoch 031/200 | Loss:0.506814 | LR:0.010000
4368.1s 130 Val → MSE:2.1008 | RMSE:1.4494 | MAE:1.1563 | R2:0.0382
4368.1s 131 No improve 4/60
4501.4s 132 Epoch 032/200 | Loss:0.502297 | LR:0.010000
4501.4s 133 Val → MSE:2.1267 | RMSE:1.4583 | MAE:1.1575 | R2:0.0264
4501.4s 134 No improve 5/60
4634.7s 135 Epoch 033/200 | Loss:0.489898 | LR:0.010000
4634.7s 136 Val → MSE:2.1136 | RMSE:1.4538 | MAE:1.1568 | R2:0.0323
4634.7s 137 No improve 6/60
4768.0s 138 Epoch 034/200 | Loss:0.485230 | LR:0.010000
4768.0s 139 Val → MSE:2.1513 | RMSE:1.4667 | MAE:1.1595 | R2:0.0151
4768.0s 140 No improve 7/60
4901.3s 141 Epoch 035/200 | Loss:0.483924 | LR:0.010000
4901.3s 142 Val → MSE:2.1638 | RMSE:1.4710 | MAE:1.1580 | R2:0.0094
4901.3s 143 No improve 8/60
5034.7s 144 Epoch 036/200 | Loss:0.487801 | LR:0.010000
5034.7s 145 Val → MSE:2.1401 | RMSE:1.4629 | MAE:1.1549 | R2:0.0202
5034.7s 146 No improve 9/60
5168.0s 147 Epoch 037/200 | Loss:0.501290 | LR:0.010000
5168.0s 148 Val → MSE:2.0941 | RMSE:1.4471 | MAE:1.1498 | R2:0.0413
5168.0s 149 No improve 10/60
5301.2s 150 Epoch 038/200 | Loss:0.525711 | LR:0.010000
5301.2s 151 Val → MSE:2.0587 | RMSE:1.4348 | MAE:1.1500 | R2:0.0575
5301.2s 152 ★ Best RMSE: 1.4348
5434.5s 153 Epoch 039/200 | Loss:0.501507 | LR:0.010000
5434.5s 154 Val → MSE:2.1082 | RMSE:1.4519 | MAE:1.1505 | R2:0.0349
5434.5s 155 No improve 1/60
5567.5s 156 Epoch 040/200 | Loss:0.505552 | LR:0.010000
5567.5s 157 Val → MSE:2.0774 | RMSE:1.4413 | MAE:1.1477 | R2:0.0489
5567.5s 158 No improve 2/60
5699.4s 159 Epoch 041/200 | Loss:0.545191 | LR:0.010000
5699.4s 160 Val → MSE:2.0320 | RMSE:1.4255 | MAE:1.1454 | R2:0.0697
5699.4s 161 ★ Best RMSE: 1.4255
5831.2s 162 Epoch 042/200 | Loss:0.519693 | LR:0.010000
5831.2s 163 Val → MSE:2.0704 | RMSE:1.4389 | MAE:1.1471 | R2:0.0522
5831.2s 164 No improve 1/60
5963.1s 165 Epoch 043/200 | Loss:0.490360 | LR:0.010000
5963.1s 166 Val → MSE:2.1590 | RMSE:1.4694 | MAE:1.1508 | R2:0.0116
5963.1s 167 No improve 2/60
6094.9s 168 Epoch 044/200 | Loss:0.483126 | LR:0.010000
6094.9s 169 Val → MSE:2.1124 | RMSE:1.4534 | MAE:1.1501 | R2:0.0329
6094.9s 170 No improve 3/60
6226.7s 171 Epoch 045/200 | Loss:0.482190 | LR:0.010000
6226.7s 172 Val → MSE:2.1358 | RMSE:1.4615 | MAE:1.1487 | R2:0.0222
6226.7s 173 No improve 4/60
6358.6s 174 Epoch 046/200 | Loss:0.482738 | LR:0.010000
6358.6s 175 Val → MSE:2.1243 | RMSE:1.4575 | MAE:1.1492 | R2:0.0275
6358.6s 176 No improve 5/60
6490.4s 177 Epoch 047/200 | Loss:0.485615 | LR:0.010000
6490.4s 178 Val → MSE:2.1111 | RMSE:1.4530 | MAE:1.1441 | R2:0.0335
6490.4s 179 No improve 6/60
6622.2s 180 Epoch 048/200 | Loss:0.490680 | LR:0.010000
6622.2s 181 Val → MSE:2.0880 | RMSE:1.4450 | MAE:1.1438 | R2:0.0441
6622.2s 182 No improve 7/60
6754.0s 183 Epoch 049/200 | Loss:0.496755 | LR:0.010000
6754.0s 184 Val → MSE:2.1015 | RMSE:1.4497 | MAE:1.1437 | R2:0.0379
6754.0s 185 No improve 8/60
6885.9s 186 Epoch 050/200 | Loss:0.499337 | LR:0.010000
6885.9s 187 Val → MSE:2.0712 | RMSE:1.4392 | MAE:1.1407 | R2:0.0518
6885.9s 188 No improve 9/60
7017.7s 189 Epoch 051/200 | Loss:0.493815 | LR:0.010000
7017.7s 190 Val → MSE:2.0940 | RMSE:1.4471 | MAE:1.1445 | R2:0.0413
7017.7s 191 No improve 10/60
7149.6s 192 Epoch 052/200 | Loss:0.490366 | LR:0.010000
7149.6s 193 Val → MSE:2.1085 | RMSE:1.4521 | MAE:1.1447 | R2:0.0347
7149.6s 194 No improve 11/60
7281.4s 195 Epoch 053/200 | Loss:0.219285 | LR:0.005000
7281.4s 196 Val → MSE:2.0034 | RMSE:1.4154 | MAE:1.1368 | R2:0.0828
7281.4s 197 ★ Best RMSE: 1.4154
7413.3s 198 Epoch 054/200 | Loss:0.205903 | LR:0.005000
7413.3s 199 Val → MSE:2.0023 | RMSE:1.4150 | MAE:1.1366 | R2:0.0833
7413.3s 200 ★ Best RMSE: 1.4150
7545.2s 201 Epoch 055/200 | Loss:0.206157 | LR:0.005000
7545.2s 202 Val → MSE:1.9679 | RMSE:1.4028 | MAE:1.1337 | R2:0.0990
7545.2s 203 ★ Best RMSE: 1.4028
7677.0s 204 Epoch 056/200 | Loss:0.212380 | LR:0.005000
7677.0s 205 Val → MSE:1.9446 | RMSE:1.3945 | MAE:1.1328 | R2:0.1097
7677.0s 206 ★ Best RMSE: 1.3945
7808.9s 207 Epoch 057/200 | Loss:0.209650 | LR:0.005000
7808.9s 208 Val → MSE:1.9619 | RMSE:1.4007 | MAE:1.1343 | R2:0.1018
7808.9s 209 No improve 1/60
7940.8s 210 Epoch 058/200 | Loss:0.205874 | LR:0.005000
7940.8s 211 Val → MSE:1.9855 | RMSE:1.4091 | MAE:1.1332 | R2:0.0910
7940.8s 212 No improve 2/60
8072.6s 213 Epoch 059/200 | Loss:0.205608 | LR:0.005000
8072.6s 214 Val → MSE:1.9680 | RMSE:1.4029 | MAE:1.1319 | R2:0.0990
8072.6s 215 No improve 3/60
8204.4s 216 Epoch 060/200 | Loss:0.211130 | LR:0.005000
8204.4s 217 Val → MSE:1.9252 | RMSE:1.3875 | MAE:1.1289 | R2:0.1186
8204.4s 218 ★ Best RMSE: 1.3875
8336.2s 219 Epoch 061/200 | Loss:0.221121 | LR:0.005000
8336.2s 220 Val → MSE:1.9137 | RMSE:1.3834 | MAE:1.1288 | R2:0.1239
8336.2s 221 ★ Best RMSE: 1.3834
8468.0s 222 Epoch 062/200 | Loss:0.219075 | LR:0.005000
8468.0s 223 Val → MSE:1.9077 | RMSE:1.3812 | MAE:1.1291 | R2:0.1266
8468.0s 224 ★ Best RMSE: 1.3812
8599.8s 225 Epoch 063/200 | Loss:0.223178 | LR:0.005000
8599.8s 226 Val → MSE:1.9120 | RMSE:1.3828 | MAE:1.1280 | R2:0.1246
8599.8s 227 No improve 1/60
8731.7s 228 Epoch 064/200 | Loss:0.215310 | LR:0.005000
8731.7s 229 Val → MSE:1.9446 | RMSE:1.3945 | MAE:1.1271 | R2:0.1097
8731.7s 230 No improve 2/60
8864.4s 231 Epoch 065/200 | Loss:0.212823 | LR:0.005000
8864.4s 232 Val → MSE:1.9078 | RMSE:1.3812 | MAE:1.1273 | R2:0.1266
8864.4s 233 No improve 3/60
8997.7s 234 Epoch 066/200 | Loss:0.221702 | LR:0.005000
8997.7s 235 Val → MSE:1.9009 | RMSE:1.3787 | MAE:1.1275 | R2:0.1297
8997.7s 236 ★ Best RMSE: 1.3787
9130.9s 237 Epoch 067/200 | Loss:0.213573 | LR:0.005000
9130.9s 238 Val → MSE:1.9341 | RMSE:1.3907 | MAE:1.1269 | R2:0.1145
9130.9s 239 No improve 1/60
9264.1s 240 Epoch 068/200 | Loss:0.214522 | LR:0.005000
9264.1s 241 Val → MSE:1.9054 | RMSE:1.3804 | MAE:1.1248 | R2:0.1277
9264.1s 242 No improve 2/60
9397.4s 243 Epoch 069/200 | Loss:0.214926 | LR:0.005000
9397.4s 244 Val → MSE:1.9191 | RMSE:1.3853 | MAE:1.1255 | R2:0.1214
9397.4s 245 No improve 3/60
9530.8s 246 Epoch 070/200 | Loss:0.212230 | LR:0.005000
9530.8s 247 Val → MSE:1.9353 | RMSE:1.3912 | MAE:1.1256 | R2:0.1140
9530.8s 248 No improve 4/60
9664.1s 249 Epoch 071/200 | Loss:0.208591 | LR:0.005000
9664.1s 250 Val → MSE:1.9395 | RMSE:1.3927 | MAE:1.1259 | R2:0.1120
9664.1s 251 No improve 5/60
9797.5s 252 Epoch 072/200 | Loss:0.207177 | LR:0.005000
9797.5s 253 Val → MSE:1.9223 | RMSE:1.3865 | MAE:1.1238 | R2:0.1200
9797.5s 254 No improve 6/60
9930.8s 255 Epoch 073/200 | Loss:0.215794 | LR:0.005000
9930.8s 256 Val → MSE:1.9048 | RMSE:1.3801 | MAE:1.1232 | R2:0.1279
9930.8s 257 No improve 7/60
10064.1s 258 Epoch 074/200 | Loss:0.217058 | LR:0.005000
10064.1s 259 Val → MSE:1.9141 | RMSE:1.3835 | MAE:1.1214 | R2:0.1237
10064.1s 260 No improve 8/60
10197.5s 261 Epoch 075/200 | Loss:0.213128 | LR:0.005000
10197.5s 262 Val → MSE:1.9048 | RMSE:1.3801 | MAE:1.1222 | R2:0.1280
10197.5s 263 No improve 9/60
10331.0s 264 Epoch 076/200 | Loss:0.210258 | LR:0.005000
10331.0s 265 Val → MSE:1.9299 | RMSE:1.3892 | MAE:1.1230 | R2:0.1165
10331.0s 266 No improve 10/60
10464.4s 267 Epoch 077/200 | Loss:0.205856 | LR:0.005000
10464.4s 268 Val → MSE:1.9304 | RMSE:1.3894 | MAE:1.1228 | R2:0.1162
10464.4s 269 No improve 11/60
10597.7s 270 Epoch 078/200 | Loss:0.137005 | LR:0.002500
10597.7s 271 Val → MSE:1.8776 | RMSE:1.3703 | MAE:1.1207 | R2:0.1404
10597.7s 272 ★ Best RMSE: 1.3703
10731.0s 273 Epoch 079/200 | Loss:0.135773 | LR:0.002500
10731.0s 274 Val → MSE:2.0047 | RMSE:1.4159 | MAE:1.2058 | R2:0.0822
10731.0s 275 No improve 1/60
10864.3s 276 Epoch 080/200 | Loss:0.136410 | LR:0.002500
10864.3s 277 Val → MSE:2.0236 | RMSE:1.4225 | MAE:1.2116 | R2:0.0736
10864.3s 278 No improve 2/60
10997.5s 279 Epoch 081/200 | Loss:0.135953 | LR:0.002500
10997.5s 280 Val → MSE:1.8567 | RMSE:1.3626 | MAE:1.1184 | R2:0.1500
10997.5s 281 ★ Best RMSE: 1.3626
11130.8s 282 Epoch 082/200 | Loss:0.135457 | LR:0.002500
11130.8s 283 Val → MSE:1.9801 | RMSE:1.4072 | MAE:1.1980 | R2:0.0935
11130.8s 284 No improve 1/60
11264.1s 285 Epoch 083/200 | Loss:0.135497 | LR:0.002500
11264.1s 286 Val → MSE:1.8585 | RMSE:1.3633 | MAE:1.1181 | R2:0.1491
11264.1s 287 No improve 2/60
11397.5s 288 Epoch 084/200 | Loss:0.135682 | LR:0.002500
11397.5s 289 Val → MSE:1.9963 | RMSE:1.4129 | MAE:1.2023 | R2:0.0861
11397.5s 290 No improve 3/60
11530.7s 291 Epoch 085/200 | Loss:0.136016 | LR:0.002500
11530.7s 292 Val → MSE:2.0181 | RMSE:1.4206 | MAE:1.2099 | R2:0.0761
11530.7s 293 No improve 4/60
11664.0s 294 Epoch 086/200 | Loss:0.136109 | LR:0.002500
11664.0s 295 Val → MSE:1.8567 | RMSE:1.3626 | MAE:1.1163 | R2:0.1500
11664.0s 296 No improve 5/60
11797.2s 297 Epoch 087/200 | Loss:0.135284 | LR:0.002500
11797.2s 298 Val → MSE:1.9848 | RMSE:1.4088 | MAE:1.1981 | R2:0.0913
11797.2s 299 No improve 6/60
11930.5s 300 Epoch 088/200 | Loss:0.135218 | LR:0.002500
11930.5s 301 Val → MSE:1.8587 | RMSE:1.3633 | MAE:1.1156 | R2:0.1491
11930.5s 302 No improve 7/60
12063.8s 303 Epoch 089/200 | Loss:0.134967 | LR:0.002500
12063.8s 304 Val → MSE:1.9750 | RMSE:1.4054 | MAE:1.1965 | R2:0.0958
12063.8s 305 No improve 8/60
12197.1s 306 Epoch 090/200 | Loss:0.135311 | LR:0.002500
12197.1s 307 Val → MSE:2.0239 | RMSE:1.4226 | MAE:1.2099 | R2:0.0734
12197.1s 308 No improve 9/60
12330.4s 309 Epoch 091/200 | Loss:0.136615 | LR:0.002500
12330.4s 310 Val → MSE:1.8479 | RMSE:1.3594 | MAE:1.1142 | R2:0.1540
12330.4s 311 ★ Best RMSE: 1.3594
12463.7s 312 Epoch 092/200 | Loss:0.135586 | LR:0.002500
12463.7s 313 Val → MSE:1.9900 | RMSE:1.4107 | MAE:1.2003 | R2:0.0889
12463.7s 314 No improve 1/60
12597.0s 315 Epoch 093/200 | Loss:0.134805 | LR:0.002500
12597.0s 316 Val → MSE:1.8575 | RMSE:1.3629 | MAE:1.1130 | R2:0.1496
12597.0s 317 No improve 2/60
12730.3s 318 Epoch 094/200 | Loss:0.134819 | LR:0.002500
12730.3s 319 Val → MSE:1.9646 | RMSE:1.4017 | MAE:1.1922 | R2:0.1006
12730.3s 320 No improve 3/60
12863.6s 321 Epoch 095/200 | Loss:0.134722 | LR:0.002500
12863.6s 322 Val → MSE:1.9575 | RMSE:1.3991 | MAE:1.1883 | R2:0.1038
12863.6s 323 No improve 4/60
12996.9s 324 Epoch 096/200 | Loss:0.134733 | LR:0.002500
12996.9s 325 Val → MSE:1.8695 | RMSE:1.3673 | MAE:1.1135 | R2:0.1441
12996.9s 326 No improve 5/60
13130.3s 327 Epoch 097/200 | Loss:0.134770 | LR:0.002500
13130.3s 328 Val → MSE:1.9651 | RMSE:1.4018 | MAE:1.1909 | R2:0.1003
13130.3s 329 No improve 6/60
13263.6s 330 Epoch 098/200 | Loss:0.134842 | LR:0.002500
13263.6s 331 Val → MSE:1.9763 | RMSE:1.4058 | MAE:1.1944 | R2:0.0952
13263.6s 332 No improve 7/60
13396.9s 333 Epoch 099/200 | Loss:0.134529 | LR:0.002500
13396.9s 334 Val → MSE:1.8615 | RMSE:1.3644 | MAE:1.1129 | R2:0.1478
13396.9s 335 No improve 8/60
13530.2s 336 Epoch 100/200 | Loss:0.134517 | LR:0.002500
13530.2s 337 Val → MSE:1.8588 | RMSE:1.3634 | MAE:1.1111 | R2:0.1490
13530.2s 338 No improve 9/60
13663.6s 339 Epoch 101/200 | Loss:0.134520 | LR:0.002500
13663.6s 340 Val → MSE:1.9699 | RMSE:1.4035 | MAE:1.1922 | R2:0.0981
13663.6s 341 No improve 10/60
13796.9s 342 Epoch 102/200 | Loss:0.134621 | LR:0.002500
13796.9s 343 Val → MSE:1.8520 | RMSE:1.3609 | MAE:1.1114 | R2:0.1521
13796.9s 344 No improve 11/60
13930.2s 345 Epoch 103/200 | Loss:0.117457 | LR:0.001250
13930.2s 346 Val → MSE:1.8537 | RMSE:1.3615 | MAE:1.1513 | R2:0.1513
13930.2s 347 No improve 12/60
14062.7s 348 Epoch 104/200 | Loss:0.117235 | LR:0.001250
14062.7s 349 Val → MSE:1.8105 | RMSE:1.3456 | MAE:1.1105 | R2:0.1711
14062.7s 350 ★ Best RMSE: 1.3456
14194.5s 351 Epoch 105/200 | Loss:0.117146 | LR:0.001250
14194.5s 352 Val → MSE:1.8417 | RMSE:1.3571 | MAE:1.1468 | R2:0.1568
14194.5s 353 No improve 1/60
14326.3s 354 Epoch 106/200 | Loss:0.117121 | LR:0.001250
14326.3s 355 Val → MSE:1.8076 | RMSE:1.3445 | MAE:1.1102 | R2:0.1725
14326.3s 356 ★ Best RMSE: 1.3445
14458.3s 357 Epoch 107/200 | Loss:0.117106 | LR:0.001250
14458.3s 358 Val → MSE:1.8094 | RMSE:1.3452 | MAE:1.1099 | R2:0.1716
14458.3s 359 No improve 1/60
14590.2s 360 Epoch 108/200 | Loss:0.117082 | LR:0.001250
14590.2s 361 Val → MSE:1.8417 | RMSE:1.3571 | MAE:1.1466 | R2:0.1568
14590.2s 362 No improve 2/60
14721.9s 363 Epoch 109/200 | Loss:0.117046 | LR:0.001250
14721.9s 364 Val → MSE:1.8360 | RMSE:1.3550 | MAE:1.1441 | R2:0.1594
14721.9s 365 No improve 3/60
14853.7s 366 Epoch 110/200 | Loss:0.116995 | LR:0.001250
14853.7s 367 Val → MSE:1.8094 | RMSE:1.3451 | MAE:1.1082 | R2:0.1716
14853.7s 368 No improve 4/60
14985.5s 369 Epoch 111/200 | Loss:0.116955 | LR:0.001250
14985.5s 370 Val → MSE:1.8417 | RMSE:1.3571 | MAE:1.1464 | R2:0.1569
14985.5s 371 No improve 5/60
15117.3s 372 Epoch 112/200 | Loss:0.116912 | LR:0.001250
15117.3s 373 Val → MSE:1.8042 | RMSE:1.3432 | MAE:1.1084 | R2:0.1740
15117.3s 374 ★ Best RMSE: 1.3432
15249.1s 375 Epoch 113/200 | Loss:0.116881 | LR:0.001250
15249.1s 376 Val → MSE:1.8053 | RMSE:1.3436 | MAE:1.1077 | R2:0.1735
15249.1s 377 No improve 1/60
15380.9s 378 Epoch 114/200 | Loss:0.116833 | LR:0.001250
15380.9s 379 Val → MSE:1.8440 | RMSE:1.3579 | MAE:1.1462 | R2:0.1558
15380.9s 380 No improve 2/60
15512.8s 381 Epoch 115/200 | Loss:0.116817 | LR:0.001250
15512.8s 382 Val → MSE:1.8046 | RMSE:1.3434 | MAE:1.1072 | R2:0.1738
15512.8s 383 No improve 3/60
15644.5s 384 Epoch 116/200 | Loss:0.116816 | LR:0.001250
15644.5s 385 Val → MSE:1.8038 | RMSE:1.3431 | MAE:1.1071 | R2:0.1742
15644.5s 386 ★ Best RMSE: 1.3431
15776.4s 387 Epoch 117/200 | Loss:0.116758 | LR:0.001250
15776.4s 388 Val → MSE:1.8334 | RMSE:1.3540 | MAE:1.1415 | R2:0.1607
15776.4s 389 No improve 1/60
15908.2s 390 Epoch 118/200 | Loss:0.116733 | LR:0.001250
15908.2s 391 Val → MSE:1.8348 | RMSE:1.3545 | MAE:1.1428 | R2:0.1600
15908.2s 392 No improve 2/60
16040.1s 393 Epoch 119/200 | Loss:0.116700 | LR:0.001250
16040.1s 394 Val → MSE:1.8002 | RMSE:1.3417 | MAE:1.1067 | R2:0.1759
16040.1s 395 ★ Best RMSE: 1.3417
16171.9s 396 Epoch 120/200 | Loss:0.116668 | LR:0.001250
16171.9s 397 Val → MSE:1.8443 | RMSE:1.3581 | MAE:1.1464 | R2:0.1556
16171.9s 398 No improve 1/60
16303.7s 399 Epoch 121/200 | Loss:0.116727 | LR:0.001250
16303.7s 400 Val → MSE:1.8480 | RMSE:1.3594 | MAE:1.1477 | R2:0.1539
16303.7s 401 No improve 2/60
16435.5s 402 Epoch 122/200 | Loss:0.116628 | LR:0.001250
16435.5s 403 Val → MSE:1.8409 | RMSE:1.3568 | MAE:1.1452 | R2:0.1572
16435.5s 404 No improve 3/60
16567.4s 405 Epoch 123/200 | Loss:0.116566 | LR:0.001250
16567.4s 406 Val → MSE:1.8357 | RMSE:1.3549 | MAE:1.1434 | R2:0.1596
16567.4s 407 No improve 4/60
16699.3s 408 Epoch 124/200 | Loss:0.116541 | LR:0.001250
16699.3s 409 Val → MSE:1.7976 | RMSE:1.3407 | MAE:1.1057 | R2:0.1770
16699.3s 410 ★ Best RMSE: 1.3407
16831.1s 411 Epoch 125/200 | Loss:0.116523 | LR:0.001250
16831.1s 412 Val → MSE:1.7972 | RMSE:1.3406 | MAE:1.1050 | R2:0.1772
16831.1s 413 ★ Best RMSE: 1.3406
16963.0s 414 Epoch 126/200 | Loss:0.116493 | LR:0.001250
16963.0s 415 Val → MSE:1.8370 | RMSE:1.3554 | MAE:1.1444 | R2:0.1590
16963.0s 416 No improve 1/60
17094.8s 417 Epoch 127/200 | Loss:0.116468 | LR:0.001250
17094.8s 418 Val → MSE:1.7971 | RMSE:1.3406 | MAE:1.1040 | R2:0.1773
17094.8s 419 No improve 2/60
17226.6s 420 Epoch 128/200 | Loss:0.116501 | LR:0.001250
17226.6s 421 Val → MSE:1.7931 | RMSE:1.3391 | MAE:1.1042 | R2:0.1791
17226.6s 422 ★ Best RMSE: 1.3391
17358.5s 423 Epoch 129/200 | Loss:0.116448 | LR:0.001250
17358.5s 424 Val → MSE:1.8391 | RMSE:1.3562 | MAE:1.1442 | R2:0.1580
17358.5s 425 No improve 1/60
17490.4s 426 Epoch 130/200 | Loss:0.116376 | LR:0.001250
17490.4s 427 Val → MSE:1.7979 | RMSE:1.3408 | MAE:1.1034 | R2:0.1769
17490.4s 428 No improve 2/60
17622.3s 429 Epoch 131/200 | Loss:0.116366 | LR:0.001250
17622.3s 430 Val → MSE:1.8379 | RMSE:1.3557 | MAE:1.1434 | R2:0.1586
17622.3s 431 No improve 3/60
17754.1s 432 Epoch 132/200 | Loss:0.116306 | LR:0.001250
17754.1s 433 Val → MSE:1.8327 | RMSE:1.3538 | MAE:1.1419 | R2:0.1610
17754.1s 434 No improve 4/60
17886.0s 435 Epoch 133/200 | Loss:0.116299 | LR:0.001250
17886.0s 436 Val → MSE:1.7963 | RMSE:1.3403 | MAE:1.1023 | R2:0.1776
17886.0s 437 No improve 5/60
18017.9s 438 Epoch 134/200 | Loss:0.116291 | LR:0.001250
18017.9s 439 Val → MSE:1.8366 | RMSE:1.3552 | MAE:1.1428 | R2:0.1592
18017.9s 440 No improve 6/60
18149.8s 441 Epoch 135/200 | Loss:0.116250 | LR:0.001250
18149.8s 442 Val → MSE:1.7932 | RMSE:1.3391 | MAE:1.1029 | R2:0.1791
18149.8s 443 No improve 7/60
18281.7s 444 Epoch 136/200 | Loss:0.116208 | LR:0.001250
18281.7s 445 Val → MSE:1.8277 | RMSE:1.3519 | MAE:1.1389 | R2:0.1632
18281.7s 446 No improve 8/60
18413.5s 447 Epoch 137/200 | Loss:0.116172 | LR:0.001250
18413.5s 448 Val → MSE:1.8335 | RMSE:1.3541 | MAE:1.1414 | R2:0.1606
18413.5s 449 No improve 9/60
18545.3s 450 Epoch 138/200 | Loss:0.116162 | LR:0.001250
18545.3s 451 Val → MSE:1.7911 | RMSE:1.3383 | MAE:1.1013 | R2:0.1800
18545.3s 452 ★ Best RMSE: 1.3383
18677.2s 453 Epoch 139/200 | Loss:0.116184 | LR:0.001250
18677.2s 454 Val → MSE:1.8311 | RMSE:1.3532 | MAE:1.1398 | R2:0.1617
18677.2s 455 No improve 1/60
18809.0s 456 Epoch 140/200 | Loss:0.116118 | LR:0.001250
18809.0s 457 Val → MSE:1.8285 | RMSE:1.3522 | MAE:1.1384 | R2:0.1629
18809.0s 458 No improve 2/60
18940.8s 459 Epoch 141/200 | Loss:0.116124 | LR:0.001250
18940.8s 460 Val → MSE:1.7943 | RMSE:1.3395 | MAE:1.1014 | R2:0.1786
18940.8s 461 No improve 3/60
19072.6s 462 Epoch 142/200 | Loss:0.116050 | LR:0.001250
19072.6s 463 Val → MSE:1.8356 | RMSE:1.3548 | MAE:1.1422 | R2:0.1597
19072.6s 464 No improve 4/60
19204.5s 465 Epoch 143/200 | Loss:0.116042 | LR:0.001250
19204.5s 466 Val → MSE:1.8266 | RMSE:1.3515 | MAE:1.1384 | R2:0.1638
19204.5s 467 No improve 5/60
19336.3s 468 Epoch 144/200 | Loss:0.115999 | LR:0.001250
19336.3s 469 Val → MSE:1.7944 | RMSE:1.3396 | MAE:1.1005 | R2:0.1785
19336.3s 470 No improve 6/60
19468.1s 471 Epoch 145/200 | Loss:0.115985 | LR:0.001250
19468.1s 472 Val → MSE:1.7853 | RMSE:1.3362 | MAE:1.0998 | R2:0.1827
19468.1s 473 ★ Best RMSE: 1.3362
19599.9s 474 Epoch 146/200 | Loss:0.115976 | LR:0.001250
19599.9s 475 Val → MSE:1.8197 | RMSE:1.3490 | MAE:1.1355 | R2:0.1669
19599.9s 476 No improve 1/60
19731.8s 477 Epoch 147/200 | Loss:0.115930 | LR:0.001250
19731.8s 478 Val → MSE:1.7886 | RMSE:1.3374 | MAE:1.1003 | R2:0.1811
19731.8s 479 No improve 2/60
19863.6s 480 Epoch 148/200 | Loss:0.115928 | LR:0.001250
19863.6s 481 Val → MSE:1.7842 | RMSE:1.3358 | MAE:1.1008 | R2:0.1831
19863.6s 482 ★ Best RMSE: 1.3358
19995.4s 483 Epoch 149/200 | Loss:0.115884 | LR:0.001250
19995.4s 484 Val → MSE:1.8189 | RMSE:1.3487 | MAE:1.1348 | R2:0.1673
19995.4s 485 No improve 1/60
20127.3s 486 Epoch 150/200 | Loss:0.115877 | LR:0.001250
20127.3s 487 Val → MSE:1.7847 | RMSE:1.3359 | MAE:1.0996 | R2:0.1829
20127.3s 488 No improve 2/60
20259.2s 489 Epoch 151/200 | Loss:0.115819 | LR:0.001250
20259.2s 490 Val → MSE:1.7874 | RMSE:1.3369 | MAE:1.0983 | R2:0.1817
20259.2s 491 No improve 3/60
20391.0s 492 Epoch 152/200 | Loss:0.115839 | LR:0.001250
20391.0s 493 Val → MSE:1.8169 | RMSE:1.3479 | MAE:1.1359 | R2:0.1682
20391.0s 494 No improve 4/60
20522.8s 495 Epoch 153/200 | Loss:0.115828 | LR:0.001250
20522.8s 496 Val → MSE:1.8252 | RMSE:1.3510 | MAE:1.1365 | R2:0.1644
20522.8s 497 No improve 5/60
20654.6s 498 Epoch 154/200 | Loss:0.115791 | LR:0.001250
20654.6s 499 Val → MSE:1.7845 | RMSE:1.3358 | MAE:1.0981 | R2:0.1830
20654.6s 500 No improve 6/60
20786.5s 501 Epoch 155/200 | Loss:0.115776 | LR:0.001250
20786.5s 502 Val → MSE:1.7838 | RMSE:1.3356 | MAE:1.0984 | R2:0.1834
20786.5s 503 ★ Best RMSE: 1.3356
20918.3s 504 Epoch 156/200 | Loss:0.115765 | LR:0.001250
20918.3s 505 Val → MSE:1.7863 | RMSE:1.3365 | MAE:1.0982 | R2:0.1822
20918.3s 506 No improve 1/60
21050.2s 507 Epoch 157/200 | Loss:0.115752 | LR:0.001250
21050.2s 508 Val → MSE:1.8154 | RMSE:1.3474 | MAE:1.1336 | R2:0.1689
21050.2s 509 No improve 2/60
21182.1s 510 Epoch 158/200 | Loss:0.115709 | LR:0.001250
21182.1s 511 Val → MSE:1.7842 | RMSE:1.3357 | MAE:1.0975 | R2:0.1832
21182.1s 512 No improve 3/60
21313.9s 513 Epoch 159/200 | Loss:0.115674 | LR:0.001250
21313.9s 514 Val → MSE:1.7839 | RMSE:1.3356 | MAE:1.0973 | R2:0.1833
21313.9s 515 No improve 4/60
21445.7s 516 Epoch 160/200 | Loss:0.115682 | LR:0.001250
21445.7s 517 Val → MSE:1.8207 | RMSE:1.3493 | MAE:1.1353 | R2:0.1665
21445.7s 518 No improve 5/60
21577.5s 519 Epoch 161/200 | Loss:0.115645 | LR:0.001250
21577.5s 520 Val → MSE:1.8219 | RMSE:1.3498 | MAE:1.1358 | R2:0.1659
21577.5s 521 No improve 6/60
21709.3s 522 Epoch 162/200 | Loss:0.115589 | LR:0.001250
21709.3s 523 Val → MSE:1.7807 | RMSE:1.3344 | MAE:1.0970 | R2:0.1847
21709.3s 524 ★ Best RMSE: 1.3344
21841.1s 525 Epoch 163/200 | Loss:0.115650 | LR:0.001250
21841.1s 526 Val → MSE:1.8205 | RMSE:1.3493 | MAE:1.1357 | R2:0.1665
21841.1s 527 No improve 1/60
21973.0s 528 Epoch 164/200 | Loss:0.115595 | LR:0.001250
21973.0s 529 Val → MSE:1.7814 | RMSE:1.3347 | MAE:1.0961 | R2:0.1845
21973.0s 530 No improve 2/60
22104.8s 531 Epoch 165/200 | Loss:0.115552 | LR:0.001250
22104.8s 532 Val → MSE:1.8249 | RMSE:1.3509 | MAE:1.1362 | R2:0.1646
22104.8s 533 No improve 3/60
22236.6s 534 Epoch 166/200 | Loss:0.115538 | LR:0.001250
22236.6s 535 Val → MSE:1.7778 | RMSE:1.3333 | MAE:1.0968 | R2:0.1861
22236.6s 536 ★ Best RMSE: 1.3333
22368.4s 537 Epoch 167/200 | Loss:0.115521 | LR:0.001250
22368.4s 538 Val → MSE:1.7873 | RMSE:1.3369 | MAE:1.0959 | R2:0.1817
22368.4s 539 No improve 1/60
22500.3s 540 Epoch 168/200 | Loss:0.115522 | LR:0.001250
22500.3s 541 Val → MSE:1.8261 | RMSE:1.3513 | MAE:1.1368 | R2:0.1640
22500.3s 542 No improve 2/60
22632.1s 543 Epoch 169/200 | Loss:0.115464 | LR:0.001250
22632.1s 544 Val → MSE:1.7805 | RMSE:1.3343 | MAE:1.0957 | R2:0.1849
22632.1s 545 No improve 3/60
22764.0s 546 Epoch 170/200 | Loss:0.115440 | LR:0.001250
22764.0s 547 Val → MSE:1.7819 | RMSE:1.3349 | MAE:1.0953 | R2:0.1842
22764.0s 548 No improve 4/60
22895.9s 549 Epoch 171/200 | Loss:0.115544 | LR:0.001250
22895.9s 550 Val → MSE:1.8185 | RMSE:1.3485 | MAE:1.1346 | R2:0.1675
22895.9s 551 No improve 5/60
23027.7s 552 Epoch 172/200 | Loss:0.115428 | LR:0.001250
23027.7s 553 Val → MSE:1.7777 | RMSE:1.3333 | MAE:1.0961 | R2:0.1862
23027.7s 554 No improve 6/60
23159.5s 555 Epoch 173/200 | Loss:0.115378 | LR:0.001250
23159.5s 556 Val → MSE:1.7801 | RMSE:1.3342 | MAE:1.0940 | R2:0.1850
23159.5s 557 No improve 7/60
23291.3s 558 Epoch 174/200 | Loss:0.115388 | LR:0.001250
23291.3s 559 Val → MSE:1.7774 | RMSE:1.3332 | MAE:1.0954 | R2:0.1863
23291.3s 560 ★ Best RMSE: 1.3332
23423.1s 561 Epoch 175/200 | Loss:0.115366 | LR:0.001250
23423.1s 562 Val → MSE:1.8225 | RMSE:1.3500 | MAE:1.1352 | R2:0.1656
23423.1s 563 No improve 1/60
23554.9s 564 Epoch 176/200 | Loss:0.115340 | LR:0.001250
23554.9s 565 Val → MSE:1.8211 | RMSE:1.3495 | MAE:1.1351 | R2:0.1663
23554.9s 566 No improve 2/60
23686.6s 567 Epoch 177/200 | Loss:0.115343 | LR:0.001250
23686.6s 568 Val → MSE:1.7759 | RMSE:1.3326 | MAE:1.0948 | R2:0.1869
23686.6s 569 ★ Best RMSE: 1.3326
23818.5s 570 Epoch 178/200 | Loss:0.115291 | LR:0.001250
23818.5s 571 Val → MSE:1.8112 | RMSE:1.3458 | MAE:1.1321 | R2:0.1708
23818.5s 572 No improve 1/60
23950.3s 573 Epoch 179/200 | Loss:0.115280 | LR:0.001250
23950.3s 574 Val → MSE:1.7756 | RMSE:1.3325 | MAE:1.0939 | R2:0.1871
23950.3s 575 ★ Best RMSE: 1.3325
24082.1s 576 Epoch 180/200 | Loss:0.115232 | LR:0.001250
24082.1s 577 Val → MSE:1.8181 | RMSE:1.3484 | MAE:1.1345 | R2:0.1677
24082.1s 578 No improve 1/60
24214.0s 579 Epoch 181/200 | Loss:0.115220 | LR:0.001250
24214.0s 580 Val → MSE:1.7775 | RMSE:1.3332 | MAE:1.0931 | R2:0.1862
24214.0s 581 No improve 2/60
24345.8s 582 Epoch 182/200 | Loss:0.115227 | LR:0.001250
24345.8s 583 Val → MSE:1.7754 | RMSE:1.3324 | MAE:1.0941 | R2:0.1872
24345.8s 584 No improve 3/60
24477.6s 585 Epoch 183/200 | Loss:0.115203 | LR:0.001250
24477.6s 586 Val → MSE:1.7981 | RMSE:1.3409 | MAE:1.1256 | R2:0.1768
24477.6s 587 No improve 4/60
24609.4s 588 Epoch 184/200 | Loss:0.115224 | LR:0.001250
24609.4s 589 Val → MSE:1.7785 | RMSE:1.3336 | MAE:1.0927 | R2:0.1858
24609.4s 590 No improve 5/60
24741.2s 591 Epoch 185/200 | Loss:0.115166 | LR:0.001250
24741.2s 592 Val → MSE:1.8081 | RMSE:1.3447 | MAE:1.1294 | R2:0.1722
24741.2s 593 No improve 6/60
24873.0s 594 Epoch 186/200 | Loss:0.115143 | LR:0.001250
24873.0s 595 Val → MSE:1.7730 | RMSE:1.3315 | MAE:1.0932 | R2:0.1883
24873.0s 596 ★ Best RMSE: 1.3315
25004.9s 597 Epoch 187/200 | Loss:0.115130 | LR:0.001250
25004.9s 598 Val → MSE:1.8121 | RMSE:1.3461 | MAE:1.1313 | R2:0.1704
25004.9s 599 No improve 1/60
25136.8s 600 Epoch 188/200 | Loss:0.115100 | LR:0.001250
25136.8s 601 Val → MSE:1.8115 | RMSE:1.3459 | MAE:1.1307 | R2:0.1707
25136.8s 602 No improve 2/60
25268.7s 603 Epoch 189/200 | Loss:0.115095 | LR:0.001250
25268.7s 604 Val → MSE:1.7739 | RMSE:1.3319 | MAE:1.0922 | R2:0.1879
25268.7s 605 No improve 3/60
25400.5s 606 Epoch 190/200 | Loss:0.115108 | LR:0.001250
25400.5s 607 Val → MSE:1.8139 | RMSE:1.3468 | MAE:1.1312 | R2:0.1696
25400.5s 608 No improve 4/60
25532.3s 609 Epoch 191/200 | Loss:0.115071 | LR:0.001250
25532.3s 610 Val → MSE:1.7691 | RMSE:1.3301 | MAE:1.0926 | R2:0.1901
25532.3s 611 ★ Best RMSE: 1.3301
25664.1s 612 Epoch 192/200 | Loss:0.115084 | LR:0.001250
25664.1s 613 Val → MSE:1.8098 | RMSE:1.3453 | MAE:1.1307 | R2:0.1715
25664.1s 614 No improve 1/60
25795.8s 615 Epoch 193/200 | Loss:0.115077 | LR:0.001250
25795.8s 616 Val → MSE:1.8178 | RMSE:1.3483 | MAE:1.1324 | R2:0.1678
25795.8s 617 No improve 2/60
25927.7s 618 Epoch 194/200 | Loss:0.115025 | LR:0.001250
25927.7s 619 Val → MSE:1.7695 | RMSE:1.3302 | MAE:1.0923 | R2:0.1899
25927.7s 620 No improve 3/60
26059.5s 621 Epoch 195/200 | Loss:0.114989 | LR:0.001250
26059.5s 622 Val → MSE:1.8139 | RMSE:1.3468 | MAE:1.1308 | R2:0.1696
26059.5s 623 No improve 4/60
26191.3s 624 Epoch 196/200 | Loss:0.115059 | LR:0.001250
26191.3s 625 Val → MSE:1.8177 | RMSE:1.3482 | MAE:1.1314 | R2:0.1678
26191.3s 626 No improve 5/60
26323.1s 627 Epoch 197/200 | Loss:0.114969 | LR:0.001250
26323.1s 628 Val → MSE:1.7696 | RMSE:1.3303 | MAE:1.0915 | R2:0.1898
26323.1s 629 No improve 6/60
26454.9s 630 Epoch 198/200 | Loss:0.114998 | LR:0.001250
26454.9s 631 Val → MSE:1.7723 | RMSE:1.3313 | MAE:1.0922 | R2:0.1886
26454.9s 632 No improve 7/60
26586.7s 633 Epoch 199/200 | Loss:0.114969 | LR:0.001250
26586.7s 634 Val → MSE:1.8114 | RMSE:1.3459 | MAE:1.1300 | R2:0.1707
26586.7s 635 No improve 8/60
26718.5s 636 Epoch 200/200 | Loss:0.114931 | LR:0.001250
26718.5s 637 Val → MSE:1.7720 | RMSE:1.3312 | MAE:1.0906 | R2:0.1888
26718.5s 638 No improve 9/60
26718.5s 639 
26718.5s 640 Loaded best model (epoch 191, Val RMSE:1.3301)
26718.5s 641 
26718.5s 642 ============================================================
26718.5s 643 FINAL EVALUATION [FM_Top40_ReduceLR]
26718.5s 644 ============================================================
26721.1s 645 
26721.1s 646 Train:
26721.1s 647 MSE:1.7670 | RMSE:1.3293 | MAE:1.0918 | R2:0.1920
26721.4s 648 
26721.4s 649 Val:
26721.4s 650 MSE:1.7691 | RMSE:1.3301 | MAE:1.0926 | R2:0.1901
26721.9s 651 
26721.9s 652 Test:
26721.9s 653 MSE:1.7658 | RMSE:1.3288 | MAE:1.0916 | R2:0.1929
26721.9s 654 
26721.9s 655 ⏱  Train time: 441.9 min (26516s)
26721.9s 656 
26721.9s 657 ============================================================
26721.9s 658 PIPELINE COMPLETE
26721.9s 659 ============================================================
26721.9s 660 Num features  : 40
26721.9s 661 Best Val RMSE : 1.3301
26721.9s 662 Best Epoch    : 191
26721.9s 663 Train time    : 441.9 min
26721.9s 664 Total time    : 445.2 min
26721.9s 665 
26721.9s 666 ============================================================
26721.9s 667 SAVING OUTPUTS
26721.9s 668 ============================================================
26725.2s 669 ✓ Saved prefix 'top40_reducelr' → /kaggle/working/
26730.7s 670 /usr/local/lib/python3.12/dist-packages/mistune.py:435: SyntaxWarning: invalid escape sequence '\|'
26730.7s 671 cells[i][c] = re.sub('\\\\\|', '|', cell)
26730.8s 672 /usr/local/lib/python3.12/dist-packages/nbconvert/filters/filter_links.py:36: SyntaxWarning: invalid escape sequence '\_'
26730.8s 673 text = re.sub(r'_', '\_', text) # Escape underscores in display text
26731.4s 674 [NbConvertApp] Converting notebook __notebook__.ipynb to notebook
26731.7s 675 [NbConvertApp] Writing 69478 bytes to __notebook__.ipynb
26734.1s 676 [NbConvertApp] Converting notebook __notebook__.ipynb to html
26735.0s 677 [NbConvertApp] Writing 458518 bytes to __results__.html