6.1s 1 0.00s - Debugger warning: It seems that frozen modules are being used, which may
6.1s 2 0.00s - make the debugger miss breakpoints. Please pass -Xfrozen_modules=off
6.1s 3 0.00s - to python to disable frozen modules.
6.1s 4 0.00s - Note: Debugging will proceed. Set PYDEVD_DISABLE_FILE_VALIDATION=1 to disable this validation.
6.6s 5 0.00s - Debugger warning: It seems that frozen modules are being used, which may
6.6s 6 0.00s - make the debugger miss breakpoints. Please pass -Xfrozen_modules=off
6.6s 7 0.00s - to python to disable frozen modules.
6.6s 8 0.00s - Note: Debugging will proceed. Set PYDEVD_DISABLE_FILE_VALIDATION=1 to disable this validation.
11.9s 9 Đọc metadata từ /kaggle/input/notebooks/boutjack/fm-full-feat/model_info_full100.json...
11.9s 10 n_users=1,987,929 | n_biz=150,346 | num_dim=100
11.9s 11 
11.9s 12 Load model từ /kaggle/input/notebooks/boutjack/fm-full-feat/fm_model_full100.pt...
17.4s 13 Model loaded.
17.4s 14 
17.4s 15 Load val data từ /kaggle/input/notebooks/boutjack/fm-full-feat/val_data_full100.pt...
18.9s 16 Val samples: 699,028 | num_dim: 100
18.9s 17 
18.9s 18 ============================================================
18.9s 19 PERMUTATION IMPORTANCE — 100 FEATURES
18.9s 20 ============================================================
18.9s 21 Data loaded to GPU VRAM.
18.9s 22 
18.9s 23 Evaluating base RMSE...
19.9s 24 Base RMSE: 1.314067
19.9s 25 
19.9s 26 Permuting 100 features (3 repeats each)...
19.9s 27 
22.0s 28 [001/100] u_review_count                 PI=  0.036958 ± 0.000192
24.0s 29 [002/100] u_fans                         PI=  0.000037 ± 0.000005
25.9s 30 [003/100] u_useful                       PI=  0.063535 ± 0.000120
27.9s 31 [004/100] u_funny                        PI=  0.137210 ± 0.000153
29.9s 32 [005/100] u_cool                         PI=  0.244520 ± 0.000157
31.8s 33 [006/100] u_years_active                 PI=  0.004290 ± 0.000046
33.8s 34 [007/100] u_elite                        PI=  0.000019 ± 0.000007
35.8s 35 [008/100] u_friend_count                 PI=  0.005255 ± 0.000051
37.7s 36 [009/100] u_compliments                  PI=  0.003375 ± 0.000062
39.7s 37 [010/100] b_review_count                 PI=  0.015630 ± 0.000130
41.7s 38 [011/100] b_is_open                      PI=  0.001576 ± 0.000029
43.6s 39 [012/100] b_lat                          PI=  0.000452 ± 0.000021
45.6s 40 [013/100] b_lon                          PI=  0.001376 ± 0.000022
47.6s 41 [014/100] b_cat_count                    PI=  0.000430 ± 0.000027
49.5s 42 [015/100] b_open_days                    PI=  0.000479 ± 0.000014
51.5s 43 [016/100] b_total_hours                  PI=  0.000081 ± 0.000001
53.5s 44 [017/100] b_price_range                  PI=  0.001071 ± 0.000045
55.4s 45 [018/100] b_city                         PI=  0.000016 ± 0.000004
57.4s 46 [019/100] b_wifi                         PI=  0.000157 ± 0.000013
59.4s 47 [020/100] b_parking                      PI=  0.003851 ± 0.000167
61.3s 48 [021/100] b_bike_parking                 PI=  0.000000 ± 0.000000
63.3s 49 [022/100] b_parking_street               PI=  0.004604 ± 0.000051
65.2s 50 [023/100] b_parking_lot                  PI=  0.000381 ± 0.000023
67.2s 51 [024/100] b_parking_garage               PI=  0.000334 ± 0.000010
69.1s 52 [025/100] b_parking_valet                PI=  0.000242 ± 0.000009
71.1s 53 [026/100] b_parking_validated            PI=  0.000029 ± 0.000006
73.0s 54 [027/100] b_delivery                     PI=  0.004514 ± 0.000096
75.0s 55 [028/100] b_takeout                      PI=  0.000510 ± 0.000027
76.9s 56 [029/100] b_reservations                 PI=  0.000801 ± 0.000014
78.9s 57 [030/100] b_outdoor                      PI=  0.000196 ± 0.000027
80.8s 58 [031/100] b_groups                       PI=  0.002291 ± 0.000041
82.8s 59 [032/100] b_kids                         PI=  0.000774 ± 0.000061
84.7s 60 [033/100] b_credit_card                  PI=  0.000435 ± 0.000026
86.7s 61 [034/100] b_wheelchair                   PI=  0.005120 ± 0.000023
88.6s 62 [035/100] b_table_service                PI=  0.001023 ± 0.000026
90.6s 63 [036/100] b_caters                       PI=  0.001351 ± 0.000043
92.5s 64 [037/100] b_happy_hour                   PI=  0.000698 ± 0.000029
94.5s 65 [038/100] b_alcohol                      PI=  0.005898 ± 0.000041
96.4s 66 [039/100] b_attire                       PI=  0.000494 ± 0.000032
98.4s 67 [040/100] b_dogs_allowed                 PI=  0.000515 ± 0.000036
100.3s 68 [041/100] b_corkage                      PI=  0.000012 ± 0.000002
102.3s 69 [042/100] b_by_appointment               PI=  0.004281 ± 0.000145
104.2s 70 [043/100] b_accepts_insurance            PI=  0.000057 ± 0.000021
106.2s 71 [044/100] b_byob                         PI=  0.000212 ± 0.000024
108.1s 72 [045/100] b_bitcoin                      PI=  0.000000 ± 0.000000
110.1s 73 [046/100] b_coat_check                   PI=  0.000037 ± 0.000006
112.1s 74 [047/100] b_smoking                      PI=  0.000000 ± 0.000000
114.0s 75 [048/100] b_has_tv                       PI=  0.001453 ± 0.000085
116.0s 76 [049/100] b_noise_level                  PI=  0.000155 ± 0.000008
117.9s 77 [050/100] b_state                        PI=  0.000255 ± 0.000027
119.9s 78 [051/100] b_ambience_casual              PI=  0.002851 ± 0.000072
121.8s 79 [052/100] b_ambience_romantic            PI=  0.000203 ± 0.000017
123.8s 80 [053/100] b_ambience_classy              PI=  0.002836 ± 0.000021
125.7s 81 [054/100] b_ambience_trendy              PI=  0.000655 ± 0.000048
127.7s 82 [055/100] b_ambience_hipster             PI=  0.000484 ± 0.000019
129.7s 83 [056/100] b_ambience_intimate            PI=  0.000644 ± 0.000022
131.6s 84 [057/100] b_ambience_upscale             PI=  0.000324 ± 0.000013
133.6s 85 [058/100] b_ambience_divey               PI=  0.000270 ± 0.000013
135.5s 86 [059/100] b_ambience_touristy            PI=  0.000573 ± 0.000021
137.5s 87 [060/100] b_good_for_dinner              PI=  0.000451 ± 0.000005
139.5s 88 [061/100] b_good_for_lunch               PI=  0.000806 ± 0.000046
141.4s 89 [062/100] b_good_for_brunch              PI=  0.000290 ± 0.000011
143.4s 90 [063/100] b_good_for_breakfast           PI=  0.000970 ± 0.000015
145.4s 91 [064/100] b_good_for_dessert             PI=  0.000094 ± 0.000002
147.3s 92 [065/100] b_good_for_latenight           PI=  0.000926 ± 0.000040
149.3s 93 [066/100] b_good_for_dancing             PI=  0.000080 ± 0.000007
151.2s 94 [067/100] b_drive_thru                   PI=  0.006538 ± 0.000061
153.2s 95 [068/100] b_music_live                   PI=  0.000028 ± 0.000003
155.1s 96 [069/100] b_music_jukebox                PI=  0.000071 ± 0.000008
157.1s 97 [070/100] b_music_video                  PI=  0.000003 ± 0.000000
159.0s 98 [071/100] b_music_dj                     PI=  0.000097 ± 0.000014
161.0s 99 [072/100] b_music_bg                     PI=  0.000028 ± 0.000009
162.9s 100 [073/100] b_music_no_music               PI=  0.000000 ± 0.000000
164.9s 101 [074/100] b_music_karaoke                PI= -0.000001 ± 0.000001
166.8s 102 [075/100] b_best_mon                     PI=  0.000020 ± 0.000004
168.8s 103 [076/100] b_best_tue                     PI=  0.000129 ± 0.000032
170.8s 104 [077/100] b_best_wed                     PI=  0.000031 ± 0.000003
172.7s 105 [078/100] b_best_thu                     PI=  0.000021 ± 0.000009
174.7s 106 [079/100] b_best_fri                     PI=  0.000093 ± 0.000009
176.6s 107 [080/100] b_best_sat                     PI=  0.000050 ± 0.000008
178.6s 108 [081/100] b_best_sun                     PI=  0.000043 ± 0.000003
180.5s 109 [082/100] ut_count                       PI=  0.000098 ± 0.000014
182.5s 110 [083/100] ut_avg_len                     PI=  0.000148 ± 0.000015
184.5s 111 [084/100] ut_avg_comp                    PI= -0.000000 ± 0.000000
186.4s 112 [085/100] bt_count                       PI=  0.006758 ± 0.000120
188.4s 113 [086/100] bt_avg_len                     PI=  0.001155 ± 0.000034
190.4s 114 [087/100] bt_avg_comp                    PI=  0.000000 ± 0.000000
192.3s 115 [088/100] ck_count                       PI=  0.014092 ± 0.000257
194.3s 116 [089/100] ck_density                     PI=  0.010233 ± 0.000275
196.2s 117 [090/100] ck_weekend_ratio               PI=  0.000434 ± 0.000010
198.2s 118 [091/100] ck_peak_hour                   PI=  0.000446 ± 0.000012
200.1s 119 [092/100] r_useful                       PI=  0.040120 ± 0.000171
202.1s 120 [093/100] r_funny                        PI=  0.010218 ± 0.000160
204.1s 121 [094/100] r_cool                         PI=  0.057695 ± 0.000316
206.0s 122 [095/100] r_text_len                     PI=  0.070368 ± 0.000272
208.0s 123 [096/100] t_year                         PI=  0.002073 ± 0.000073
209.9s 124 [097/100] t_month                        PI=  0.000146 ± 0.000018
211.9s 125 [098/100] t_day                          PI=  0.000001 ± 0.000001
213.9s 126 [099/100] t_weekday                      PI=  0.000129 ± 0.000010
215.7s 127 [100/100] t_hour                         PI=  0.000253 ± 0.000030
215.7s 128 
215.7s 129 ============================================================
215.7s 130 RANKING
215.7s 131 ============================================================
215.7s 132 1   u_cool                         PI=  0.244520 ± 0.000157
215.7s 133 2   u_funny                        PI=  0.137210 ± 0.000153
215.7s 134 3   r_text_len                     PI=  0.070368 ± 0.000272
215.7s 135 4   u_useful                       PI=  0.063535 ± 0.000120
215.7s 136 5   r_cool                         PI=  0.057695 ± 0.000316
215.7s 137 6   r_useful                       PI=  0.040120 ± 0.000171
215.7s 138 7   u_review_count                 PI=  0.036958 ± 0.000192
215.7s 139 8   b_review_count                 PI=  0.015630 ± 0.000130
215.7s 140 9   ck_count                       PI=  0.014092 ± 0.000257
215.7s 141 10  ck_density                     PI=  0.010233 ± 0.000275
215.7s 142 11  r_funny                        PI=  0.010218 ± 0.000160
215.7s 143 12  bt_count                       PI=  0.006758 ± 0.000120
215.7s 144 13  b_drive_thru                   PI=  0.006538 ± 0.000061
215.7s 145 14  b_alcohol                      PI=  0.005898 ± 0.000041
215.7s 146 15  u_friend_count                 PI=  0.005255 ± 0.000051
215.7s 147 16  b_wheelchair                   PI=  0.005120 ± 0.000023
215.7s 148 17  b_parking_street               PI=  0.004604 ± 0.000051
215.7s 149 18  b_delivery                     PI=  0.004514 ± 0.000096
215.7s 150 19  u_years_active                 PI=  0.004290 ± 0.000046
215.7s 151 20  b_by_appointment               PI=  0.004281 ± 0.000145
215.7s 152 21  b_parking                      PI=  0.003851 ± 0.000167
215.7s 153 22  u_compliments                  PI=  0.003375 ± 0.000062
215.7s 154 23  b_ambience_casual              PI=  0.002851 ± 0.000072
215.7s 155 24  b_ambience_classy              PI=  0.002836 ± 0.000021
215.7s 156 25  b_groups                       PI=  0.002291 ± 0.000041
215.7s 157 26  t_year                         PI=  0.002073 ± 0.000073
215.7s 158 27  b_is_open                      PI=  0.001576 ± 0.000029
215.7s 159 28  b_has_tv                       PI=  0.001453 ± 0.000085
215.7s 160 29  b_lon                          PI=  0.001376 ± 0.000022
215.7s 161 30  b_caters                       PI=  0.001351 ± 0.000043
215.7s 162 31  bt_avg_len                     PI=  0.001155 ± 0.000034
215.7s 163 32  b_price_range                  PI=  0.001071 ± 0.000045
215.7s 164 33  b_table_service                PI=  0.001023 ± 0.000026
215.7s 165 34  b_good_for_breakfast           PI=  0.000970 ± 0.000015
215.7s 166 35  b_good_for_latenight           PI=  0.000926 ± 0.000040
215.7s 167 36  b_good_for_lunch               PI=  0.000806 ± 0.000046
215.7s 168 37  b_reservations                 PI=  0.000801 ± 0.000014
215.7s 169 38  b_kids                         PI=  0.000774 ± 0.000061
215.7s 170 39  b_happy_hour                   PI=  0.000698 ± 0.000029
215.7s 171 40  b_ambience_trendy              PI=  0.000655 ± 0.000048
215.7s 172 41  b_ambience_intimate            PI=  0.000644 ± 0.000022
215.7s 173 42  b_ambience_touristy            PI=  0.000573 ± 0.000021
215.7s 174 43  b_dogs_allowed                 PI=  0.000515 ± 0.000036
215.7s 175 44  b_takeout                      PI=  0.000510 ± 0.000027
215.7s 176 45  b_attire                       PI=  0.000494 ± 0.000032
215.7s 177 46  b_ambience_hipster             PI=  0.000484 ± 0.000019
215.7s 178 47  b_open_days                    PI=  0.000479 ± 0.000014
215.7s 179 48  b_lat                          PI=  0.000452 ± 0.000021
215.7s 180 49  b_good_for_dinner              PI=  0.000451 ± 0.000005
215.7s 181 50  ck_peak_hour                   PI=  0.000446 ± 0.000012
215.7s 182 51  b_credit_card                  PI=  0.000435 ± 0.000026
215.7s 183 52  ck_weekend_ratio               PI=  0.000434 ± 0.000010
215.7s 184 53  b_cat_count                    PI=  0.000430 ± 0.000027
215.7s 185 54  b_parking_lot                  PI=  0.000381 ± 0.000023
215.7s 186 55  b_parking_garage               PI=  0.000334 ± 0.000010
215.7s 187 56  b_ambience_upscale             PI=  0.000324 ± 0.000013
215.7s 188 57  b_good_for_brunch              PI=  0.000290 ± 0.000011
215.7s 189 58  b_ambience_divey               PI=  0.000270 ± 0.000013
215.7s 190 59  b_state                        PI=  0.000255 ± 0.000027
215.7s 191 60  t_hour                         PI=  0.000253 ± 0.000030
215.7s 192 61  b_parking_valet                PI=  0.000242 ± 0.000009
215.7s 193 62  b_byob                         PI=  0.000212 ± 0.000024
215.7s 194 63  b_ambience_romantic            PI=  0.000203 ± 0.000017
215.7s 195 64  b_outdoor                      PI=  0.000196 ± 0.000027
215.7s 196 65  b_wifi                         PI=  0.000157 ± 0.000013
215.7s 197 66  b_noise_level                  PI=  0.000155 ± 0.000008
215.7s 198 67  ut_avg_len                     PI=  0.000148 ± 0.000015
215.7s 199 68  t_month                        PI=  0.000146 ± 0.000018
215.7s 200 69  b_best_tue                     PI=  0.000129 ± 0.000032
215.7s 201 70  t_weekday                      PI=  0.000129 ± 0.000010
215.7s 202 71  ut_count                       PI=  0.000098 ± 0.000014
215.7s 203 72  b_music_dj                     PI=  0.000097 ± 0.000014
215.7s 204 73  b_good_for_dessert             PI=  0.000094 ± 0.000002
215.7s 205 74  b_best_fri                     PI=  0.000093 ± 0.000009
215.7s 206 75  b_total_hours                  PI=  0.000081 ± 0.000001
215.7s 207 76  b_good_for_dancing             PI=  0.000080 ± 0.000007
215.7s 208 77  b_music_jukebox                PI=  0.000071 ± 0.000008
215.7s 209 78  b_accepts_insurance            PI=  0.000057 ± 0.000021
215.7s 210 79  b_best_sat                     PI=  0.000050 ± 0.000008
215.7s 211 80  b_best_sun                     PI=  0.000043 ± 0.000003
215.7s 212 81  u_fans                         PI=  0.000037 ± 0.000005
215.7s 213 82  b_coat_check                   PI=  0.000037 ± 0.000006
215.7s 214 83  b_best_wed                     PI=  0.000031 ± 0.000003
215.7s 215 84  b_parking_validated            PI=  0.000029 ± 0.000006
215.7s 216 85  b_music_live                   PI=  0.000028 ± 0.000003
215.7s 217 86  b_music_bg                     PI=  0.000028 ± 0.000009
215.7s 218 87  b_best_thu                     PI=  0.000021 ± 0.000009
215.7s 219 88  b_best_mon                     PI=  0.000020 ± 0.000004
215.7s 220 89  u_elite                        PI=  0.000019 ± 0.000007
215.7s 221 90  b_city                         PI=  0.000016 ± 0.000004
215.7s 222 91  b_corkage                      PI=  0.000012 ± 0.000002
215.7s 223 92  b_music_video                  PI=  0.000003 ± 0.000000
215.7s 224 93  t_day                          PI=  0.000001 ± 0.000001
215.7s 225 94  bt_avg_comp                    PI=  0.000000 ± 0.000000
215.7s 226 95  b_bike_parking                 PI=  0.000000 ± 0.000000
215.7s 227 96  b_bitcoin                      PI=  0.000000 ± 0.000000
215.7s 228 97  b_smoking                      PI=  0.000000 ± 0.000000
215.7s 229 98  b_music_no_music               PI=  0.000000 ± 0.000000
215.7s 230 99  ut_avg_comp                    PI= -0.000000 ± 0.000000
215.7s 231 100 b_music_karaoke                PI= -0.000001 ± 0.000001
215.7s 232 
215.7s 233 ✓ Saved → /kaggle/working/permutation_importance_results.json
220.4s 234 /usr/local/lib/python3.12/dist-packages/mistune.py:435: SyntaxWarning: invalid escape sequence '\|'
220.4s 235 cells[i][c] = re.sub('\\\\\|', '|', cell)
220.5s 236 /usr/local/lib/python3.12/dist-packages/nbconvert/filters/filter_links.py:36: SyntaxWarning: invalid escape sequence '\_'
220.5s 237 text = re.sub(r'_', '\_', text) # Escape underscores in display text
221.2s 238 [NbConvertApp] Converting notebook __notebook__.ipynb to notebook
221.5s 239 [NbConvertApp] Writing 33706 bytes to __notebook__.ipynb
223.8s 240 [NbConvertApp] Converting notebook __notebook__.ipynb to html
224.6s 241 [NbConvertApp] Writing 351616 bytes to __results__.html