7.2s 1 0.00s - Debugger warning: It seems that frozen modules are being used, which may
7.2s 2 0.00s - make the debugger miss breakpoints. Please pass -Xfrozen_modules=off
7.2s 3 0.00s - to python to disable frozen modules.
7.2s 4 0.00s - Note: Debugging will proceed. Set PYDEVD_DISABLE_FILE_VALIDATION=1 to disable this validation.
7.8s 5 0.00s - Debugger warning: It seems that frozen modules are being used, which may
7.8s 6 0.00s - make the debugger miss breakpoints. Please pass -Xfrozen_modules=off
7.8s 7 0.00s - to python to disable frozen modules.
7.8s 8 0.00s - Note: Debugging will proceed. Set PYDEVD_DISABLE_FILE_VALIDATION=1 to disable this validation.
14.0s 9 ============================================================
14.0s 10 FM FULL CONTEXT — 100 FEATURES (no data leakage)
14.0s 11 ============================================================
14.0s 12 
14.0s 13 Loading contexts...
16.5s 14 ✓ City map: top 50 cities
17.9s 15 ✓ State map: top 30 states
120.0s 16 ✓ Users: 1,987,897
125.7s 17 ✓ Businesses: 150,346
131.0s 18 ✓ Tips: 301,758 users, 106,193 businesses
225.1s 19 ✓ Checkin: 131,930 businesses
225.1s 20 Context load time: 211.1s
225.1s 21 
225.1s 22 Loading review data...
226.0s 23 [Single Pass] Reading reviews...
290.6s 24 6,990,280 reviews | 1,987,929 users | 150,346 businesses
307.4s 25 Caching to /kaggle/working/dataset_cache_full100.npz...
413.0s 26 Data load time: 187.7s | 6,990,280 samples | 100 features
413.0s 27 
413.0s 28 ============================================================
413.0s 29 [FM_Full_100feat_noleak] 100 FEATURES
413.0s 30 ============================================================
413.0s 31 Device: cuda
415.3s 32 Train:5,592,224 | Val:699,028 | Test:699,028
416.4s 33 Data loaded to GPU VRAM.
427.6s 34 Params: 138,994,506
427.6s 35 
427.6s 36 Scheduler : CosineAnnealingWarmRestarts(T_0=20, T_mult=2)
427.6s 37 LR restart: epoch [5, 25, 65, 145]
427.6s 38 Patience  : 60
427.6s 39 
578.9s 40 Epoch 001/200 | Loss:0.978798 | LR:0.002000
578.9s 41 Val → MSE:2.3268 | RMSE:1.5254 | MAE:1.2171 | R2:-0.0655
578.9s 42 ★ Best RMSE: 1.5254
713.1s 43 Epoch 002/200 | Loss:0.162128 | LR:0.004000
713.1s 44 Val → MSE:2.0798 | RMSE:1.4422 | MAE:1.2106 | R2:0.0477
713.1s 45 ★ Best RMSE: 1.4422
847.4s 46 Epoch 003/200 | Loss:0.259918 | LR:0.006000
847.4s 47 Val → MSE:2.1828 | RMSE:1.4774 | MAE:1.2828 | R2:0.0005
847.4s 48 No improve 1/60
981.6s 49 Epoch 004/200 | Loss:0.424419 | LR:0.008000
981.6s 50 Val → MSE:2.1436 | RMSE:1.4641 | MAE:1.1956 | R2:0.0184
981.6s 51 No improve 2/60
1115.5s 52 Epoch 005/200 | Loss:0.658654 | LR:0.010000
1115.5s 53 Val → MSE:2.3968 | RMSE:1.5482 | MAE:1.3457 | R2:-0.0975
1115.5s 54 No improve 3/60
1249.8s 55 Epoch 006/200 | Loss:0.953298 | LR:0.007941 ← LR RESTART
1249.8s 56 Val → MSE:2.2501 | RMSE:1.5000 | MAE:1.1943 | R2:-0.0303
1249.8s 57 No improve 4/60
1383.9s 58 Epoch 007/200 | Loss:0.651635 | LR:0.007273
1383.9s 59 Val → MSE:2.2899 | RMSE:1.5132 | MAE:1.3109 | R2:-0.0485
1383.9s 60 No improve 5/60
1517.9s 61 Epoch 008/200 | Loss:0.561375 | LR:0.006549
1517.9s 62 Val → MSE:2.1042 | RMSE:1.4506 | MAE:1.1841 | R2:0.0365
1517.9s 63 No improve 6/60
1651.5s 64 Epoch 009/200 | Loss:0.476002 | LR:0.005786
1651.5s 65 Val → MSE:2.2817 | RMSE:1.5105 | MAE:1.3085 | R2:-0.0448
1651.5s 66 No improve 7/60
1784.7s 67 Epoch 010/200 | Loss:0.398113 | LR:0.005005
1784.7s 68 Val → MSE:2.0650 | RMSE:1.4370 | MAE:1.1775 | R2:0.0544
1784.7s 69 ★ Best RMSE: 1.4370
1918.2s 70 Epoch 011/200 | Loss:0.329153 | LR:0.004224
1918.2s 71 Val → MSE:2.2027 | RMSE:1.4841 | MAE:1.2832 | R2:-0.0086
1918.2s 72 No improve 1/60
2052.3s 73 Epoch 012/200 | Loss:0.269570 | LR:0.003461
2052.3s 74 Val → MSE:2.0115 | RMSE:1.4183 | MAE:1.1734 | R2:0.0789
2052.3s 75 ★ Best RMSE: 1.4183
2186.5s 76 Epoch 013/200 | Loss:0.220320 | LR:0.002737
2186.5s 77 Val → MSE:2.0820 | RMSE:1.4429 | MAE:1.2438 | R2:0.0466
2186.5s 78 No improve 1/60
2320.7s 79 Epoch 014/200 | Loss:0.182259 | LR:0.002069
2320.7s 80 Val → MSE:1.9661 | RMSE:1.4022 | MAE:1.1663 | R2:0.0997
2320.7s 81 ★ Best RMSE: 1.4022
2455.2s 82 Epoch 015/200 | Loss:0.154951 | LR:0.001473
2455.2s 83 Val → MSE:1.9715 | RMSE:1.4041 | MAE:1.2036 | R2:0.0973
2455.2s 84 No improve 1/60
2588.9s 85 Epoch 016/200 | Loss:0.137508 | LR:0.000964
2588.9s 86 Val → MSE:1.9304 | RMSE:1.3894 | MAE:1.1636 | R2:0.1161
2588.9s 87 ★ Best RMSE: 1.3894
2723.1s 88 Epoch 017/200 | Loss:0.127002 | LR:0.000554
2723.1s 89 Val → MSE:1.9189 | RMSE:1.3852 | MAE:1.1806 | R2:0.1214
2723.1s 90 ★ Best RMSE: 1.3852
2857.3s 91 Epoch 018/200 | Loss:0.120186 | LR:0.000254
2857.3s 92 Val → MSE:1.9051 | RMSE:1.3803 | MAE:1.1628 | R2:0.1276
2857.3s 93 ★ Best RMSE: 1.3803
2991.6s 94 Epoch 019/200 | Loss:0.118985 | LR:0.000071
2991.6s 95 Val → MSE:1.8892 | RMSE:1.3745 | MAE:1.1620 | R2:0.1350
2991.6s 96 ★ Best RMSE: 1.3745
3125.9s 97 Epoch 020/200 | Loss:0.118381 | LR:0.010000
3125.9s 98 Val → MSE:1.8866 | RMSE:1.3736 | MAE:1.1615 | R2:0.1361
3125.9s 99 ★ Best RMSE: 1.3736
3259.5s 100 Epoch 021/200 | Loss:0.952521 | LR:0.009985
3259.5s 101 Val → MSE:3.7047 | RMSE:1.9248 | MAE:1.6424 | R2:-0.6964
3259.5s 102 No improve 1/60
3393.8s 103 Epoch 022/200 | Loss:0.940380 | LR:0.009939
3393.8s 104 Val → MSE:3.8221 | RMSE:1.9550 | MAE:1.6720 | R2:-0.7502
3393.8s 105 No improve 2/60
3527.1s 106 Epoch 023/200 | Loss:0.929604 | LR:0.009862
3527.1s 107 Val → MSE:3.8165 | RMSE:1.9536 | MAE:1.6681 | R2:-0.7476
3527.1s 108 No improve 3/60
3661.1s 109 Epoch 024/200 | Loss:0.924355 | LR:0.009756
3661.1s 110 Val → MSE:3.6807 | RMSE:1.9185 | MAE:1.6378 | R2:-0.6854
3661.1s 111 No improve 4/60
3795.3s 112 Epoch 025/200 | Loss:0.905748 | LR:0.009620
3795.3s 113 Val → MSE:3.7473 | RMSE:1.9358 | MAE:1.6535 | R2:-0.7159
3795.3s 114 No improve 5/60
3929.5s 115 Epoch 026/200 | Loss:0.879630 | LR:0.009456 ← LR RESTART
3929.5s 116 Val → MSE:3.6541 | RMSE:1.9116 | MAE:1.6328 | R2:-0.6732
3929.5s 117 No improve 6/60
4063.5s 118 Epoch 027/200 | Loss:0.852719 | LR:0.009264
4063.5s 119 Val → MSE:3.5766 | RMSE:1.8912 | MAE:1.6130 | R2:-0.6377
4063.5s 120 No improve 7/60
4197.5s 121 Epoch 028/200 | Loss:0.826565 | LR:0.009046
4197.5s 122 Val → MSE:3.6403 | RMSE:1.9080 | MAE:1.6227 | R2:-0.6669
4197.5s 123 No improve 8/60
4331.5s 124 Epoch 029/200 | Loss:0.790825 | LR:0.008803
4331.5s 125 Val → MSE:3.5807 | RMSE:1.8923 | MAE:1.6088 | R2:-0.6396
4331.5s 126 No improve 9/60
4465.4s 127 Epoch 030/200 | Loss:0.760476 | LR:0.008537
4465.4s 128 Val → MSE:3.5639 | RMSE:1.8878 | MAE:1.6068 | R2:-0.6319
4465.4s 129 No improve 10/60
4599.3s 130 Epoch 031/200 | Loss:0.717911 | LR:0.008249
4599.3s 131 Val → MSE:3.5184 | RMSE:1.8757 | MAE:1.5950 | R2:-0.6111
4599.3s 132 No improve 11/60
4733.2s 133 Epoch 032/200 | Loss:0.680021 | LR:0.007941
4733.2s 134 Val → MSE:3.4655 | RMSE:1.8616 | MAE:1.5839 | R2:-0.5869
4733.2s 135 No improve 12/60
4867.2s 136 Epoch 033/200 | Loss:0.636686 | LR:0.007615
4867.2s 137 Val → MSE:3.4122 | RMSE:1.8472 | MAE:1.5710 | R2:-0.5624
4867.2s 138 No improve 13/60
5001.4s 139 Epoch 034/200 | Loss:0.594045 | LR:0.007273
5001.4s 140 Val → MSE:3.3904 | RMSE:1.8413 | MAE:1.5667 | R2:-0.5525
5001.4s 141 No improve 14/60
5135.5s 142 Epoch 035/200 | Loss:0.549768 | LR:0.006917
5135.5s 143 Val → MSE:3.3236 | RMSE:1.8231 | MAE:1.5528 | R2:-0.5219
5135.5s 144 No improve 15/60
5269.3s 145 Epoch 036/200 | Loss:0.510997 | LR:0.006549
5269.3s 146 Val → MSE:3.1496 | RMSE:1.7747 | MAE:1.5090 | R2:-0.4422
5269.3s 147 No improve 16/60
5403.3s 148 Epoch 037/200 | Loss:0.466419 | LR:0.006171
5403.3s 149 Val → MSE:3.1448 | RMSE:1.7734 | MAE:1.5080 | R2:-0.4400
5403.3s 150 No improve 17/60
5537.5s 151 Epoch 038/200 | Loss:0.428101 | LR:0.005786
5537.5s 152 Val → MSE:3.0862 | RMSE:1.7568 | MAE:1.4943 | R2:-0.4132
5537.5s 153 No improve 18/60
5671.6s 154 Epoch 039/200 | Loss:0.391072 | LR:0.005397
5671.6s 155 Val → MSE:2.9890 | RMSE:1.7289 | MAE:1.4705 | R2:-0.3687
5671.6s 156 No improve 19/60
5805.3s 157 Epoch 040/200 | Loss:0.354986 | LR:0.005005
5805.3s 158 Val → MSE:2.9405 | RMSE:1.7148 | MAE:1.4572 | R2:-0.3465
5805.3s 159 No improve 20/60
5939.4s 160 Epoch 041/200 | Loss:0.319543 | LR:0.004613
5939.4s 161 Val → MSE:2.8448 | RMSE:1.6867 | MAE:1.4347 | R2:-0.3027
5939.4s 162 No improve 21/60
6073.3s 163 Epoch 042/200 | Loss:0.290885 | LR:0.004224
6073.3s 164 Val → MSE:2.7574 | RMSE:1.6605 | MAE:1.4103 | R2:-0.2626
6073.3s 165 No improve 22/60
6207.5s 166 Epoch 043/200 | Loss:0.260686 | LR:0.003839
6207.5s 167 Val → MSE:2.6260 | RMSE:1.6205 | MAE:1.3763 | R2:-0.2025
6207.5s 168 No improve 23/60
6341.6s 169 Epoch 044/200 | Loss:0.235544 | LR:0.003461
6341.6s 170 Val → MSE:2.5522 | RMSE:1.5976 | MAE:1.3587 | R2:-0.1687
6341.6s 171 No improve 24/60
6475.7s 172 Epoch 045/200 | Loss:0.211588 | LR:0.003093
6475.7s 173 Val → MSE:2.4742 | RMSE:1.5730 | MAE:1.3395 | R2:-0.1329
6475.7s 174 No improve 25/60
6609.9s 175 Epoch 046/200 | Loss:0.192482 | LR:0.002737
6609.9s 176 Val → MSE:2.3804 | RMSE:1.5429 | MAE:1.3157 | R2:-0.0900
6609.9s 177 No improve 26/60
6743.9s 178 Epoch 047/200 | Loss:0.175115 | LR:0.002395
6743.9s 179 Val → MSE:1.9813 | RMSE:1.4076 | MAE:1.1250 | R2:0.0928
6743.9s 180 No improve 27/60
6878.0s 181 Epoch 048/200 | Loss:0.160329 | LR:0.002069
6878.0s 182 Val → MSE:1.9567 | RMSE:1.3988 | MAE:1.1244 | R2:0.1040
6878.0s 183 No improve 28/60
7011.8s 184 Epoch 049/200 | Loss:0.129872 | LR:0.001761
7011.8s 185 Val → MSE:1.9272 | RMSE:1.3882 | MAE:1.1817 | R2:0.1175
7011.8s 186 No improve 29/60
7146.0s 187 Epoch 050/200 | Loss:0.124361 | LR:0.001473
7146.0s 188 Val → MSE:1.8963 | RMSE:1.3771 | MAE:1.1698 | R2:0.1317
7146.0s 189 No improve 30/60
7280.1s 190 Epoch 051/200 | Loss:0.120765 | LR:0.001207
7280.1s 191 Val → MSE:1.8907 | RMSE:1.3750 | MAE:1.1681 | R2:0.1342
7280.1s 192 No improve 31/60
7414.2s 193 Epoch 052/200 | Loss:0.118007 | LR:0.000964
7414.2s 194 Val → MSE:1.8632 | RMSE:1.3650 | MAE:1.1588 | R2:0.1468
7414.2s 195 ★ Best RMSE: 1.3650
7548.4s 196 Epoch 053/200 | Loss:0.115934 | LR:0.000746
7548.4s 197 Val → MSE:1.8343 | RMSE:1.3543 | MAE:1.1462 | R2:0.1601
7548.4s 198 ★ Best RMSE: 1.3543
7681.7s 199 Epoch 054/200 | Loss:0.114441 | LR:0.000554
7681.7s 200 Val → MSE:1.8186 | RMSE:1.3485 | MAE:1.1403 | R2:0.1673
7681.7s 201 ★ Best RMSE: 1.3485
7815.8s 202 Epoch 055/200 | Loss:0.113449 | LR:0.000390
7815.8s 203 Val → MSE:1.8074 | RMSE:1.3444 | MAE:1.1349 | R2:0.1724
7815.8s 204 ★ Best RMSE: 1.3444
7950.0s 205 Epoch 056/200 | Loss:0.113090 | LR:0.000254
7950.0s 206 Val → MSE:1.7989 | RMSE:1.3412 | MAE:1.1309 | R2:0.1763
7950.0s 207 ★ Best RMSE: 1.3412
8084.1s 208 Epoch 057/200 | Loss:0.112534 | LR:0.000148
8084.1s 209 Val → MSE:1.7874 | RMSE:1.3369 | MAE:1.1223 | R2:0.1815
8084.1s 210 ★ Best RMSE: 1.3369
8218.2s 211 Epoch 058/200 | Loss:0.112192 | LR:0.000071
8218.2s 212 Val → MSE:1.7893 | RMSE:1.3376 | MAE:1.1177 | R2:0.1807
8218.2s 213 No improve 1/60
8352.1s 214 Epoch 059/200 | Loss:0.112022 | LR:0.000025
8352.1s 215 Val → MSE:1.7859 | RMSE:1.3364 | MAE:1.1200 | R2:0.1822
8352.1s 216 ★ Best RMSE: 1.3364
8486.2s 217 Epoch 060/200 | Loss:0.111953 | LR:0.010000
8486.2s 218 Val → MSE:1.7864 | RMSE:1.3366 | MAE:1.1233 | R2:0.1820
8486.2s 219 No improve 1/60
8620.3s 220 Epoch 061/200 | Loss:0.970958 | LR:0.009996
8620.3s 221 Val → MSE:1.9372 | RMSE:1.3919 | MAE:1.1885 | R2:0.1129
8620.3s 222 No improve 2/60
8754.5s 223 Epoch 062/200 | Loss:0.973746 | LR:0.009985
8754.5s 224 Val → MSE:1.9377 | RMSE:1.3920 | MAE:1.1859 | R2:0.1127
8754.5s 225 No improve 3/60
8888.8s 226 Epoch 063/200 | Loss:0.976609 | LR:0.009965
8888.8s 227 Val → MSE:1.8524 | RMSE:1.3610 | MAE:1.1529 | R2:0.1518
8888.8s 228 No improve 4/60
9022.9s 229 Epoch 064/200 | Loss:0.966261 | LR:0.009939
9022.9s 230 Val → MSE:1.8593 | RMSE:1.3636 | MAE:1.1550 | R2:0.1486
9022.9s 231 No improve 5/60
9157.2s 232 Epoch 065/200 | Loss:0.963385 | LR:0.009904
9157.2s 233 Val → MSE:1.8983 | RMSE:1.3778 | MAE:1.1715 | R2:0.1308
9157.2s 234 No improve 6/60
9291.3s 235 Epoch 066/200 | Loss:0.953388 | LR:0.009862 ← LR RESTART
9291.3s 236 Val → MSE:1.8604 | RMSE:1.3640 | MAE:1.1554 | R2:0.1481
9291.3s 237 No improve 7/60
9425.4s 238 Epoch 067/200 | Loss:0.951593 | LR:0.009812
9425.4s 239 Val → MSE:1.8472 | RMSE:1.3591 | MAE:1.1509 | R2:0.1542
9425.4s 240 No improve 8/60
9559.5s 241 Epoch 068/200 | Loss:0.940850 | LR:0.009756
9559.5s 242 Val → MSE:1.8700 | RMSE:1.3675 | MAE:1.1618 | R2:0.1437
9559.5s 243 No improve 9/60
9693.6s 244 Epoch 069/200 | Loss:0.926318 | LR:0.009691
9693.6s 245 Val → MSE:1.9001 | RMSE:1.3784 | MAE:1.1703 | R2:0.1299
9693.6s 246 No improve 10/60
9827.8s 247 Epoch 070/200 | Loss:0.919932 | LR:0.009620
9827.8s 248 Val → MSE:1.8753 | RMSE:1.3694 | MAE:1.1588 | R2:0.1413
9827.8s 249 No improve 11/60
9961.7s 250 Epoch 071/200 | Loss:0.912305 | LR:0.009541
9961.7s 251 Val → MSE:1.8814 | RMSE:1.3716 | MAE:1.1620 | R2:0.1385
9961.7s 252 No improve 12/60
10095.9s 253 Epoch 072/200 | Loss:0.890747 | LR:0.009456
10095.9s 254 Val → MSE:1.9062 | RMSE:1.3806 | MAE:1.1753 | R2:0.1272
10095.9s 255 No improve 13/60
10230.0s 256 Epoch 073/200 | Loss:0.878453 | LR:0.009363
10230.0s 257 Val → MSE:1.8217 | RMSE:1.3497 | MAE:1.1425 | R2:0.1659
10230.0s 258 No improve 14/60
10364.3s 259 Epoch 074/200 | Loss:0.862718 | LR:0.009264
10364.3s 260 Val → MSE:1.8698 | RMSE:1.3674 | MAE:1.1560 | R2:0.1438
10364.3s 261 No improve 15/60
10498.4s 262 Epoch 075/200 | Loss:0.856035 | LR:0.009158
10498.4s 263 Val → MSE:1.8387 | RMSE:1.3560 | MAE:1.1491 | R2:0.1581
10498.4s 264 No improve 16/60
10632.6s 265 Epoch 076/200 | Loss:0.831793 | LR:0.009046
10632.6s 266 Val → MSE:1.8427 | RMSE:1.3574 | MAE:1.1464 | R2:0.1562
10632.6s 267 No improve 17/60
10766.7s 268 Epoch 077/200 | Loss:0.809808 | LR:0.008928
10766.7s 269 Val → MSE:2.9107 | RMSE:1.7061 | MAE:1.4395 | R2:-0.3328
10766.7s 270 No improve 18/60
10900.9s 271 Epoch 078/200 | Loss:0.802150 | LR:0.008803
10900.9s 272 Val → MSE:3.8066 | RMSE:1.9511 | MAE:1.6411 | R2:-0.7430
10900.9s 273 No improve 19/60
11034.8s 274 Epoch 079/200 | Loss:0.778381 | LR:0.008673
11034.8s 275 Val → MSE:1.8113 | RMSE:1.3458 | MAE:1.1071 | R2:0.1706
11034.8s 276 No improve 20/60
11168.9s 277 Epoch 080/200 | Loss:0.756283 | LR:0.008537
11168.9s 278 Val → MSE:2.4682 | RMSE:1.5711 | MAE:1.3283 | R2:-0.1302
11168.9s 279 No improve 21/60
11303.0s 280 Epoch 081/200 | Loss:0.739825 | LR:0.008396
11303.0s 281 Val → MSE:3.4574 | RMSE:1.8594 | MAE:1.5623 | R2:-0.5831
11303.0s 282 No improve 22/60
11437.2s 283 Epoch 082/200 | Loss:0.717905 | LR:0.008249
11437.2s 284 Val → MSE:1.9412 | RMSE:1.3933 | MAE:1.1103 | R2:0.1111
11437.2s 285 No improve 23/60
11571.2s 286 Epoch 083/200 | Loss:0.694001 | LR:0.008097
11571.2s 287 Val → MSE:2.2275 | RMSE:1.4925 | MAE:1.1325 | R2:-0.0200
11571.2s 288 No improve 24/60
11705.3s 289 Epoch 084/200 | Loss:0.675627 | LR:0.007941
11705.3s 290 Val → MSE:2.0828 | RMSE:1.4432 | MAE:1.1177 | R2:0.0463
11705.3s 291 No improve 25/60
11839.3s 292 Epoch 085/200 | Loss:0.652955 | LR:0.007780
11839.3s 293 Val → MSE:2.7151 | RMSE:1.6477 | MAE:1.3876 | R2:-0.2432
11839.3s 294 No improve 26/60
11973.3s 295 Epoch 086/200 | Loss:0.629614 | LR:0.007615
11973.3s 296 Val → MSE:3.5854 | RMSE:1.8935 | MAE:1.5891 | R2:-0.6418
11973.3s 297 No improve 27/60
12107.4s 298 Epoch 087/200 | Loss:0.611442 | LR:0.007446
12107.4s 299 Val → MSE:2.1159 | RMSE:1.4546 | MAE:1.1210 | R2:0.0311
12107.4s 300 No improve 28/60
12241.5s 301 Epoch 088/200 | Loss:0.585591 | LR:0.007273
12241.5s 302 Val → MSE:2.3137 | RMSE:1.5211 | MAE:1.2867 | R2:-0.0595
12241.5s 303 No improve 29/60
12375.5s 304 Epoch 089/200 | Loss:0.566179 | LR:0.007096
12375.5s 305 Val → MSE:3.2394 | RMSE:1.7998 | MAE:1.5133 | R2:-0.4833
12375.5s 306 No improve 30/60
12509.5s 307 Epoch 090/200 | Loss:0.543553 | LR:0.006917
12509.5s 308 Val → MSE:2.1747 | RMSE:1.4747 | MAE:1.1260 | R2:0.0042
12509.5s 309 No improve 31/60
12643.6s 310 Epoch 091/200 | Loss:0.520512 | LR:0.006734
12643.6s 311 Val → MSE:1.8085 | RMSE:1.3448 | MAE:1.1367 | R2:0.1719
12643.6s 312 No improve 32/60
12777.8s 313 Epoch 092/200 | Loss:0.503952 | LR:0.006549
12777.8s 314 Val → MSE:2.0305 | RMSE:1.4250 | MAE:1.1109 | R2:0.0702
12777.8s 315 No improve 33/60
12911.8s 316 Epoch 093/200 | Loss:0.483126 | LR:0.006361
12911.8s 317 Val → MSE:3.3879 | RMSE:1.8406 | MAE:1.5454 | R2:-0.5513
12911.8s 318 No improve 34/60
13045.9s 319 Epoch 094/200 | Loss:0.459026 | LR:0.006171
13045.9s 320 Val → MSE:1.7798 | RMSE:1.3341 | MAE:1.1016 | R2:0.1850
13045.9s 321 ★ Best RMSE: 1.3341
13180.1s 322 Epoch 095/200 | Loss:0.438270 | LR:0.005979
13180.1s 323 Val → MSE:2.0556 | RMSE:1.4337 | MAE:1.1143 | R2:0.0587
13180.1s 324 No improve 1/60
13314.2s 325 Epoch 096/200 | Loss:0.418974 | LR:0.005786
13314.2s 326 Val → MSE:2.1873 | RMSE:1.4789 | MAE:1.2500 | R2:-0.0015
13314.2s 327 No improve 2/60
13448.1s 328 Epoch 097/200 | Loss:0.398669 | LR:0.005592
13448.1s 329 Val → MSE:2.1236 | RMSE:1.4573 | MAE:1.2339 | R2:0.0276
13448.1s 330 No improve 3/60
13582.1s 331 Epoch 098/200 | Loss:0.379828 | LR:0.005397
13582.1s 332 Val → MSE:1.8628 | RMSE:1.3648 | MAE:1.1014 | R2:0.1470
13582.1s 333 No improve 4/60
13716.0s 334 Epoch 099/200 | Loss:0.360350 | LR:0.005201
13716.0s 335 Val → MSE:2.1005 | RMSE:1.4493 | MAE:1.1148 | R2:0.0382
13716.0s 336 No improve 5/60
13850.1s 337 Epoch 100/200 | Loss:0.345364 | LR:0.005005
13850.1s 338 Val → MSE:1.7846 | RMSE:1.3359 | MAE:1.1232 | R2:0.1828
13850.1s 339 No improve 6/60
13984.1s 340 Epoch 101/200 | Loss:0.325440 | LR:0.004809
13984.1s 341 Val → MSE:2.3078 | RMSE:1.5191 | MAE:1.2832 | R2:-0.0567
13984.1s 342 No improve 7/60
14117.6s 343 Epoch 102/200 | Loss:0.307537 | LR:0.004613
14117.6s 344 Val → MSE:2.9573 | RMSE:1.7197 | MAE:1.4441 | R2:-0.3542
14117.6s 345 No improve 8/60
14251.6s 346 Epoch 103/200 | Loss:0.292252 | LR:0.004418
14251.6s 347 Val → MSE:1.7622 | RMSE:1.3275 | MAE:1.0987 | R2:0.1931
14251.6s 348 ★ Best RMSE: 1.3275
14385.7s 349 Epoch 104/200 | Loss:0.278785 | LR:0.004224
14385.7s 350 Val → MSE:2.0307 | RMSE:1.4250 | MAE:1.2059 | R2:0.0701
14385.7s 351 No improve 1/60
14519.5s 352 Epoch 105/200 | Loss:0.262806 | LR:0.004031
14519.5s 353 Val → MSE:2.6197 | RMSE:1.6186 | MAE:1.3599 | R2:-0.1996
14519.5s 354 No improve 2/60
14652.7s 355 Epoch 106/200 | Loss:0.238179 | LR:0.003839
14652.7s 356 Val → MSE:2.0112 | RMSE:1.4182 | MAE:1.2009 | R2:0.0791
14652.7s 357 No improve 3/60
14786.5s 358 Epoch 107/200 | Loss:0.228040 | LR:0.003649
14786.5s 359 Val → MSE:1.9160 | RMSE:1.3842 | MAE:1.0992 | R2:0.1227
14786.5s 360 No improve 4/60
14920.6s 361 Epoch 108/200 | Loss:0.215284 | LR:0.003461
14920.6s 362 Val → MSE:1.7757 | RMSE:1.3326 | MAE:1.1190 | R2:0.1869
14920.6s 363 No improve 5/60
15053.8s 364 Epoch 109/200 | Loss:0.205388 | LR:0.003276
15053.8s 365 Val → MSE:1.9584 | RMSE:1.3994 | MAE:1.1000 | R2:0.1032
15053.8s 366 No improve 6/60
15186.4s 367 Epoch 110/200 | Loss:0.194440 | LR:0.003093
15186.4s 368 Val → MSE:1.9356 | RMSE:1.3913 | MAE:1.0992 | R2:0.1137
15186.4s 369 No improve 7/60
15319.8s 370 Epoch 111/200 | Loss:0.185772 | LR:0.002914
15319.8s 371 Val → MSE:1.7572 | RMSE:1.3256 | MAE:1.0938 | R2:0.1954
15319.8s 372 ★ Best RMSE: 1.3256
15452.8s 373 Epoch 112/200 | Loss:0.177614 | LR:0.002737
15452.8s 374 Val → MSE:2.5076 | RMSE:1.5835 | MAE:1.3329 | R2:-0.1482
15452.8s 375 No improve 1/60
15585.8s 376 Epoch 113/200 | Loss:0.169191 | LR:0.002564
15585.8s 377 Val → MSE:2.0911 | RMSE:1.4461 | MAE:1.2198 | R2:0.0425
15585.8s 378 No improve 2/60
15719.5s 379 Epoch 114/200 | Loss:0.161918 | LR:0.002395
15719.5s 380 Val → MSE:1.7995 | RMSE:1.3415 | MAE:1.0919 | R2:0.1760
15719.5s 381 No improve 3/60
15853.4s 382 Epoch 115/200 | Loss:0.154985 | LR:0.002230
15853.4s 383 Val → MSE:1.9375 | RMSE:1.3919 | MAE:1.1752 | R2:0.1128
15853.4s 384 No improve 4/60
15987.4s 385 Epoch 116/200 | Loss:0.149754 | LR:0.002069
15987.4s 386 Val → MSE:1.8218 | RMSE:1.3497 | MAE:1.0923 | R2:0.1658
15987.4s 387 No improve 5/60
16119.9s 388 Epoch 117/200 | Loss:0.144073 | LR:0.001913
16119.9s 389 Val → MSE:1.8950 | RMSE:1.3766 | MAE:1.0944 | R2:0.1323
16119.9s 390 No improve 6/60
16252.9s 391 Epoch 118/200 | Loss:0.123031 | LR:0.001761
16252.9s 392 Val → MSE:1.8485 | RMSE:1.3596 | MAE:1.1451 | R2:0.1536
16252.9s 393 No improve 7/60
16385.6s 394 Epoch 119/200 | Loss:0.120443 | LR:0.001614
16385.6s 395 Val → MSE:1.7759 | RMSE:1.3326 | MAE:1.0899 | R2:0.1868
16385.6s 396 No improve 8/60
16518.1s 397 Epoch 120/200 | Loss:0.118537 | LR:0.001473
16518.1s 398 Val → MSE:1.8212 | RMSE:1.3495 | MAE:1.1347 | R2:0.1661
16518.1s 399 No improve 9/60
16651.4s 400 Epoch 121/200 | Loss:0.116847 | LR:0.001337
16651.4s 401 Val → MSE:1.7695 | RMSE:1.3302 | MAE:1.0900 | R2:0.1897
16651.4s 402 No improve 10/60
16785.5s 403 Epoch 122/200 | Loss:0.115437 | LR:0.001207
16785.5s 404 Val → MSE:1.8030 | RMSE:1.3428 | MAE:1.1299 | R2:0.1744
16785.5s 405 No improve 11/60
16919.4s 406 Epoch 123/200 | Loss:0.114195 | LR:0.001082
16919.4s 407 Val → MSE:1.7630 | RMSE:1.3278 | MAE:1.0890 | R2:0.1927
16919.4s 408 No improve 12/60
17053.4s 409 Epoch 124/200 | Loss:0.113095 | LR:0.000964
17053.4s 410 Val → MSE:1.7847 | RMSE:1.3359 | MAE:1.1213 | R2:0.1828
17053.4s 411 No improve 13/60
17187.4s 412 Epoch 125/200 | Loss:0.112165 | LR:0.000852
17187.4s 413 Val → MSE:1.7736 | RMSE:1.3318 | MAE:1.1168 | R2:0.1879
17187.4s 414 No improve 14/60
17321.4s 415 Epoch 126/200 | Loss:0.111386 | LR:0.000746
17321.4s 416 Val → MSE:1.7509 | RMSE:1.3232 | MAE:1.0893 | R2:0.1983
17321.4s 417 ★ Best RMSE: 1.3232
17455.4s 418 Epoch 127/200 | Loss:0.110726 | LR:0.000647
17455.4s 419 Val → MSE:1.7602 | RMSE:1.3267 | MAE:1.1109 | R2:0.1940
17455.4s 420 No improve 1/60
17589.4s 421 Epoch 128/200 | Loss:0.110225 | LR:0.000554
17589.4s 422 Val → MSE:1.7534 | RMSE:1.3242 | MAE:1.1085 | R2:0.1971
17589.4s 423 No improve 2/60
17723.4s 424 Epoch 129/200 | Loss:0.109774 | LR:0.000469
17723.4s 425 Val → MSE:1.7393 | RMSE:1.3188 | MAE:1.0916 | R2:0.2036
17723.4s 426 ★ Best RMSE: 1.3188
17857.4s 427 Epoch 130/200 | Loss:0.109506 | LR:0.000390
17857.4s 428 Val → MSE:1.7356 | RMSE:1.3174 | MAE:1.0990 | R2:0.2053
17857.4s 429 ★ Best RMSE: 1.3174
17991.5s 430 Epoch 131/200 | Loss:0.109345 | LR:0.000319
17991.5s 431 Val → MSE:1.7373 | RMSE:1.3181 | MAE:1.0894 | R2:0.2045
17991.5s 432 No improve 1/60
18125.5s 433 Epoch 132/200 | Loss:0.109107 | LR:0.000254
18125.5s 434 Val → MSE:1.7291 | RMSE:1.3150 | MAE:1.0942 | R2:0.2082
18125.5s 435 ★ Best RMSE: 1.3150
18259.6s 436 Epoch 133/200 | Loss:0.108890 | LR:0.000198
18259.6s 437 Val → MSE:1.7290 | RMSE:1.3149 | MAE:1.0913 | R2:0.2083
18259.6s 438 No improve 1/60
18393.8s 439 Epoch 134/200 | Loss:0.108705 | LR:0.000148
18393.8s 440 Val → MSE:1.7283 | RMSE:1.3146 | MAE:1.0940 | R2:0.2086
18393.8s 441 ★ Best RMSE: 1.3146
18527.8s 442 Epoch 135/200 | Loss:0.108573 | LR:0.000106
18527.8s 443 Val → MSE:1.7326 | RMSE:1.3163 | MAE:1.0979 | R2:0.2067
18527.8s 444 No improve 1/60
18661.8s 445 Epoch 136/200 | Loss:0.108500 | LR:0.000071
18661.8s 446 Val → MSE:1.7296 | RMSE:1.3151 | MAE:1.0897 | R2:0.2080
18661.8s 447 No improve 2/60
18796.0s 448 Epoch 137/200 | Loss:0.108435 | LR:0.000045
18796.0s 449 Val → MSE:1.7278 | RMSE:1.3144 | MAE:1.0942 | R2:0.2089
18796.0s 450 ★ Best RMSE: 1.3144
18930.0s 451 Epoch 138/200 | Loss:0.108397 | LR:0.000025
18930.0s 452 Val → MSE:1.7266 | RMSE:1.3140 | MAE:1.0912 | R2:0.2094
18930.0s 453 ★ Best RMSE: 1.3140
19063.8s 454 Epoch 139/200 | Loss:0.108369 | LR:0.000014
19063.8s 455 Val → MSE:1.7270 | RMSE:1.3141 | MAE:1.0905 | R2:0.2092
19063.8s 456 No improve 1/60
19197.7s 457 Epoch 140/200 | Loss:0.108352 | LR:0.010000
19197.7s 458 Val → MSE:1.7266 | RMSE:1.3140 | MAE:1.0907 | R2:0.2094
19197.7s 459 No improve 2/60
19331.5s 460 Epoch 141/200 | Loss:0.934338 | LR:0.009999
19331.5s 461 Val → MSE:1.9214 | RMSE:1.3862 | MAE:1.0960 | R2:0.1202
19331.5s 462 No improve 3/60
19465.3s 463 Epoch 142/200 | Loss:0.939334 | LR:0.009996
19465.3s 464 Val → MSE:3.6093 | RMSE:1.8998 | MAE:1.5880 | R2:-0.6527
19465.3s 465 No improve 4/60
19598.8s 466 Epoch 143/200 | Loss:0.937355 | LR:0.009991
19598.8s 467 Val → MSE:3.6512 | RMSE:1.9108 | MAE:1.5948 | R2:-0.6719
19598.8s 468 No improve 5/60
19732.6s 469 Epoch 144/200 | Loss:0.931628 | LR:0.009985
19732.6s 470 Val → MSE:2.1790 | RMSE:1.4761 | MAE:1.2396 | R2:0.0022
19732.6s 471 No improve 6/60
19865.4s 472 Epoch 145/200 | Loss:0.929261 | LR:0.009976
19865.4s 473 Val → MSE:2.1936 | RMSE:1.4811 | MAE:1.1192 | R2:-0.0045
19865.4s 474 No improve 7/60
19999.2s 475 Epoch 146/200 | Loss:0.931884 | LR:0.009965 ← LR RESTART
19999.2s 476 Val → MSE:2.1994 | RMSE:1.4830 | MAE:1.1193 | R2:-0.0071
19999.2s 477 No improve 8/60
20132.8s 478 Epoch 147/200 | Loss:0.935821 | LR:0.009953
20132.8s 479 Val → MSE:1.9412 | RMSE:1.3933 | MAE:1.0961 | R2:0.1111
20132.8s 480 No improve 9/60
20266.0s 481 Epoch 148/200 | Loss:0.922391 | LR:0.009939
20266.0s 482 Val → MSE:3.6694 | RMSE:1.9156 | MAE:1.6027 | R2:-0.6802
20266.0s 483 No improve 10/60
20399.7s 484 Epoch 149/200 | Loss:0.926881 | LR:0.009922
20399.7s 485 Val → MSE:3.7763 | RMSE:1.9433 | MAE:1.6276 | R2:-0.7292
20399.7s 486 No improve 11/60
20533.9s 487 Epoch 150/200 | Loss:0.933158 | LR:0.009904
20533.9s 488 Val → MSE:2.2556 | RMSE:1.5019 | MAE:1.2677 | R2:-0.0328
20533.9s 489 No improve 12/60
20667.9s 490 Epoch 151/200 | Loss:0.914903 | LR:0.009884
20667.9s 491 Val → MSE:2.2198 | RMSE:1.4899 | MAE:1.1235 | R2:-0.0164
20667.9s 492 No improve 13/60
20801.3s 493 Epoch 152/200 | Loss:0.917579 | LR:0.009862
20801.3s 494 Val → MSE:2.1972 | RMSE:1.4823 | MAE:1.1205 | R2:-0.0061
20801.3s 495 No improve 14/60
20934.5s 496 Epoch 153/200 | Loss:0.922190 | LR:0.009838
20934.5s 497 Val → MSE:1.8698 | RMSE:1.3674 | MAE:1.0935 | R2:0.1438
20934.5s 498 No improve 15/60
21066.8s 499 Epoch 154/200 | Loss:0.912852 | LR:0.009812
21066.8s 500 Val → MSE:3.7769 | RMSE:1.9434 | MAE:1.6293 | R2:-0.7294
21066.8s 501 No improve 16/60
21200.5s 502 Epoch 155/200 | Loss:0.922726 | LR:0.009785
21200.5s 503 Val → MSE:3.6189 | RMSE:1.9023 | MAE:1.5938 | R2:-0.6571
21200.5s 504 No improve 17/60
21334.7s 505 Epoch 156/200 | Loss:0.905836 | LR:0.009756
21334.7s 506 Val → MSE:2.2060 | RMSE:1.4853 | MAE:1.2555 | R2:-0.0101
21334.7s 507 No improve 18/60
21468.7s 508 Epoch 157/200 | Loss:0.897713 | LR:0.009724
21468.7s 509 Val → MSE:2.2761 | RMSE:1.5087 | MAE:1.2713 | R2:-0.0422
21468.7s 510 No improve 19/60
21603.0s 511 Epoch 158/200 | Loss:0.896250 | LR:0.009691
21603.0s 512 Val → MSE:2.2484 | RMSE:1.4995 | MAE:1.1254 | R2:-0.0295
21603.0s 513 No improve 20/60
21737.1s 514 Epoch 159/200 | Loss:0.894952 | LR:0.009656
21737.1s 515 Val → MSE:1.9970 | RMSE:1.4132 | MAE:1.1021 | R2:0.0856
21737.1s 516 No improve 21/60
21871.2s 517 Epoch 160/200 | Loss:0.903340 | LR:0.009620
21871.2s 518 Val → MSE:2.0000 | RMSE:1.4142 | MAE:1.1015 | R2:0.0842
21871.2s 519 No improve 22/60
22005.2s 520 Epoch 161/200 | Loss:0.896336 | LR:0.009581
22005.2s 521 Val → MSE:3.4148 | RMSE:1.8479 | MAE:1.5465 | R2:-0.5636
22005.2s 522 No improve 23/60
22139.3s 523 Epoch 162/200 | Loss:0.873451 | LR:0.009541
22139.3s 524 Val → MSE:2.3529 | RMSE:1.5339 | MAE:1.2869 | R2:-0.0774
22139.3s 525 No improve 24/60
22273.5s 526 Epoch 163/200 | Loss:0.865885 | LR:0.009499
22273.5s 527 Val → MSE:2.0145 | RMSE:1.4193 | MAE:1.2020 | R2:0.0775
22273.5s 528 No improve 25/60
22407.5s 529 Epoch 164/200 | Loss:0.858773 | LR:0.009456
22407.5s 530 Val → MSE:2.2377 | RMSE:1.4959 | MAE:1.1238 | R2:-0.0246
22407.5s 531 No improve 26/60
22541.8s 532 Epoch 165/200 | Loss:0.856087 | LR:0.009410
22541.8s 533 Val → MSE:1.9560 | RMSE:1.3986 | MAE:1.0984 | R2:0.1043
22541.8s 534 No improve 27/60
22675.8s 535 Epoch 166/200 | Loss:0.836776 | LR:0.009363
22675.8s 536 Val → MSE:1.9370 | RMSE:1.3918 | MAE:1.0986 | R2:0.1131
22675.8s 537 No improve 28/60
22809.8s 538 Epoch 167/200 | Loss:0.832246 | LR:0.009314
22809.8s 539 Val → MSE:3.4569 | RMSE:1.8593 | MAE:1.5558 | R2:-0.5829
22809.8s 540 No improve 29/60
22944.0s 541 Epoch 168/200 | Loss:0.830839 | LR:0.009264
22944.0s 542 Val → MSE:2.1157 | RMSE:1.4545 | MAE:1.2307 | R2:0.0312
22944.0s 543 No improve 30/60
23078.0s 544 Epoch 169/200 | Loss:0.816953 | LR:0.009212
23078.0s 545 Val → MSE:2.2650 | RMSE:1.5050 | MAE:1.2715 | R2:-0.0371
23078.0s 546 No improve 31/60
23212.1s 547 Epoch 170/200 | Loss:0.804946 | LR:0.009158
23212.1s 548 Val → MSE:2.1905 | RMSE:1.4800 | MAE:1.1215 | R2:-0.0030
23212.1s 549 No improve 32/60
23346.3s 550 Epoch 171/200 | Loss:0.804451 | LR:0.009103
23346.3s 551 Val → MSE:1.9001 | RMSE:1.3784 | MAE:1.0954 | R2:0.1300
23346.3s 552 No improve 33/60
23480.3s 553 Epoch 172/200 | Loss:0.794105 | LR:0.009046
23480.3s 554 Val → MSE:1.9184 | RMSE:1.3851 | MAE:1.0941 | R2:0.1216
23480.3s 555 No improve 34/60
23614.4s 556 Epoch 173/200 | Loss:0.779656 | LR:0.008988
23614.4s 557 Val → MSE:3.4852 | RMSE:1.8669 | MAE:1.5624 | R2:-0.5959
23614.4s 558 No improve 35/60
23748.4s 559 Epoch 174/200 | Loss:0.772526 | LR:0.008928
23748.4s 560 Val → MSE:3.5236 | RMSE:1.8771 | MAE:1.5729 | R2:-0.6135
23748.4s 561 No improve 36/60
23882.3s 562 Epoch 175/200 | Loss:0.774769 | LR:0.008866
23882.3s 563 Val → MSE:2.3560 | RMSE:1.5349 | MAE:1.2946 | R2:-0.0788
23882.3s 564 No improve 37/60
24016.4s 565 Epoch 176/200 | Loss:0.753545 | LR:0.008803
24016.4s 566 Val → MSE:2.1847 | RMSE:1.4781 | MAE:1.1197 | R2:-0.0004
24016.4s 567 No improve 38/60
24150.4s 568 Epoch 177/200 | Loss:0.751330 | LR:0.008739
24150.4s 569 Val → MSE:2.2031 | RMSE:1.4843 | MAE:1.1214 | R2:-0.0088
24150.4s 570 No improve 39/60
24284.5s 571 Epoch 178/200 | Loss:0.738640 | LR:0.008673
24284.5s 572 Val → MSE:1.9246 | RMSE:1.3873 | MAE:1.0986 | R2:0.1187
24284.5s 573 No improve 40/60
24418.7s 574 Epoch 179/200 | Loss:0.730537 | LR:0.008606
24418.7s 575 Val → MSE:3.4290 | RMSE:1.8517 | MAE:1.5516 | R2:-0.5701
24418.7s 576 No improve 41/60
24552.8s 577 Epoch 180/200 | Loss:0.716612 | LR:0.008537
24552.8s 578 Val → MSE:3.3415 | RMSE:1.8280 | MAE:1.5299 | R2:-0.5301
24552.8s 579 No improve 42/60
24686.9s 580 Epoch 181/200 | Loss:0.713494 | LR:0.008467
24686.9s 581 Val → MSE:2.0704 | RMSE:1.4389 | MAE:1.2147 | R2:0.0519
24686.9s 582 No improve 43/60
24820.9s 583 Epoch 182/200 | Loss:0.696823 | LR:0.008396
24820.9s 584 Val → MSE:2.1930 | RMSE:1.4809 | MAE:1.1197 | R2:-0.0042
24820.9s 585 No improve 44/60
24955.0s 586 Epoch 183/200 | Loss:0.694866 | LR:0.008323
24955.0s 587 Val → MSE:2.1451 | RMSE:1.4646 | MAE:1.1166 | R2:0.0177
24955.0s 588 No improve 45/60
25089.2s 589 Epoch 184/200 | Loss:0.675572 | LR:0.008249
25089.2s 590 Val → MSE:1.8843 | RMSE:1.3727 | MAE:1.0959 | R2:0.1372
25089.2s 591 No improve 46/60
25223.4s 592 Epoch 185/200 | Loss:0.670313 | LR:0.008174
25223.4s 593 Val → MSE:3.3366 | RMSE:1.8266 | MAE:1.5311 | R2:-0.5278
25223.4s 594 No improve 47/60
25357.5s 595 Epoch 186/200 | Loss:0.665704 | LR:0.008097
25357.5s 596 Val → MSE:3.3683 | RMSE:1.8353 | MAE:1.5371 | R2:-0.5424
25357.5s 597 No improve 48/60
25491.6s 598 Epoch 187/200 | Loss:0.646134 | LR:0.008020
25491.6s 599 Val → MSE:2.1794 | RMSE:1.4763 | MAE:1.2452 | R2:0.0020
25491.6s 600 No improve 49/60
25625.8s 601 Epoch 188/200 | Loss:0.640398 | LR:0.007941
25625.8s 602 Val → MSE:2.1777 | RMSE:1.4757 | MAE:1.1177 | R2:0.0028
25625.8s 603 No improve 50/60
25759.9s 604 Epoch 189/200 | Loss:0.626748 | LR:0.007861
25759.9s 605 Val → MSE:2.1384 | RMSE:1.4623 | MAE:1.1173 | R2:0.0208
25759.9s 606 No improve 51/60
25893.9s 607 Epoch 190/200 | Loss:0.617109 | LR:0.007780
25893.9s 608 Val → MSE:1.9046 | RMSE:1.3801 | MAE:1.0973 | R2:0.1279
25893.9s 609 No improve 52/60
26028.0s 610 Epoch 191/200 | Loss:0.610832 | LR:0.007698
26028.0s 611 Val → MSE:3.2098 | RMSE:1.7916 | MAE:1.4991 | R2:-0.4697
26028.0s 612 No improve 53/60
26162.1s 613 Epoch 192/200 | Loss:0.596973 | LR:0.007615
26162.1s 614 Val → MSE:3.2660 | RMSE:1.8072 | MAE:1.5154 | R2:-0.4955
26162.1s 615 No improve 54/60
26296.1s 616 Epoch 193/200 | Loss:0.585923 | LR:0.007531
26296.1s 617 Val → MSE:2.1164 | RMSE:1.4548 | MAE:1.2284 | R2:0.0309
26296.1s 618 No improve 55/60
26430.3s 619 Epoch 194/200 | Loss:0.576326 | LR:0.007446
26430.3s 620 Val → MSE:2.1117 | RMSE:1.4532 | MAE:1.1136 | R2:0.0331
26430.3s 621 No improve 56/60
26564.4s 622 Epoch 195/200 | Loss:0.563494 | LR:0.007360
26564.4s 623 Val → MSE:1.8770 | RMSE:1.3700 | MAE:1.0947 | R2:0.1405
26564.4s 624 No improve 57/60
26698.6s 625 Epoch 196/200 | Loss:0.556474 | LR:0.007273
26698.6s 626 Val → MSE:1.9064 | RMSE:1.3807 | MAE:1.0939 | R2:0.1270
26698.6s 627 No improve 58/60
26832.7s 628 Epoch 197/200 | Loss:0.543678 | LR:0.007185
26832.7s 629 Val → MSE:3.1050 | RMSE:1.7621 | MAE:1.4755 | R2:-0.4218
26832.7s 630 No improve 59/60
26966.7s 631 Epoch 198/200 | Loss:0.534472 | LR:0.007096
26966.7s 632 Val → MSE:2.0361 | RMSE:1.4269 | MAE:1.2075 | R2:0.0677
26966.7s 633 No improve 60/60
26966.7s 634 
26966.7s 635 Early stopping at epoch 198
26966.7s 636 
26966.7s 637 Loaded best model (epoch 138, Val RMSE:1.3140)
26966.7s 638 
26966.7s 639 ============================================================
26966.7s 640 FINAL EVALUATION [FM_Full_100feat_noleak]
26966.7s 641 ============================================================
26969.4s 642 
26969.4s 643 Train:
26969.4s 644 MSE:1.7288 | RMSE:1.3148 | MAE:1.0922 | R2:0.2094
26969.6s 645 
26969.6s 646 Val:
26969.6s 647 MSE:1.7266 | RMSE:1.3140 | MAE:1.0912 | R2:0.2094
26970.3s 648 
26970.3s 649 Test:
26970.3s 650 MSE:1.7289 | RMSE:1.3149 | MAE:1.0923 | R2:0.2093
26970.3s 651 
26970.3s 652 ⏱  Train time: 442.6 min (26554s)
26970.3s 653 
26970.3s 654 ============================================================
26970.3s 655 PIPELINE COMPLETE
26970.3s 656 ============================================================
26970.3s 657 Num features  : 100
26970.3s 658 Best Val RMSE : 1.3140
26970.3s 659 Best Epoch    : 138
26970.3s 660 Train time    : 442.6 min
26970.3s 661 Total time    : 449.3 min
26970.3s 662 
26970.3s 663 ============================================================
26970.3s 664 SAVING OUTPUTS
26970.3s 665 ============================================================
26976.7s 666 ✓ Saved with prefix 'full100' → /kaggle/working/
26982.5s 667 /usr/local/lib/python3.12/dist-packages/mistune.py:435: SyntaxWarning: invalid escape sequence '\|'
26982.5s 668 cells[i][c] = re.sub('\\\\\|', '|', cell)
26982.7s 669 /usr/local/lib/python3.12/dist-packages/nbconvert/filters/filter_links.py:36: SyntaxWarning: invalid escape sequence '\_'
26982.7s 670 text = re.sub(r'_', '\_', text) # Escape underscores in display text
26986.0s 671 [NbConvertApp] Converting notebook __notebook__.ipynb to notebook
26986.4s 672 [NbConvertApp] Writing 83880 bytes to __notebook__.ipynb
26989.0s 673 [NbConvertApp] Converting notebook __notebook__.ipynb to html
26990.2s 674 [NbConvertApp] Writing 520466 bytes to __results__.html